id: chacha20-hardcoded-secret-swift
snapshots:
  ? |
    ChaCha20(key: "hello", iv: "123")
  : labels:
    - source: 'ChaCha20(key: "hello", iv: "123")'
      style: primary
      start: 0
      end: 33
    - source: ChaCha20
      style: secondary
      start: 0
      end: 8
    - source: key
      style: secondary
      start: 9
      end: 12
    - source: hello
      style: secondary
      start: 15
      end: 20
    - source: '"hello"'
      style: secondary
      start: 14
      end: 21
    - source: 'key: "hello"'
      style: secondary
      start: 9
      end: 21
    - source: '(key: "hello", iv: "123")'
      style: secondary
      start: 8
      end: 33
    - source: '(key: "hello", iv: "123")'
      style: secondary
      start: 8
      end: 33
  ? |
    ChaCha20(key: Array("hello".utf8));
  : labels:
    - source: 'ChaCha20(key: Array("hello".utf8))'
      style: primary
      start: 0
      end: 34
    - source: ChaCha20
      style: secondary
      start: 0
      end: 8
    - source: key
      style: secondary
      start: 9
      end: 12
    - source: hello
      style: secondary
      start: 21
      end: 26
    - source: '"hello"'
      style: secondary
      start: 20
      end: 27
    - source: 'key: Array("hello".utf8)'
      style: secondary
      start: 9
      end: 33
    - source: '(key: Array("hello".utf8))'
      style: secondary
      start: 8
      end: 34
    - source: '(key: Array("hello".utf8))'
      style: secondary
      start: 8
      end: 34
  ? |
    let password = Array("s33krit".utf8)
    ChaCha20(key: password, iv: "123")
  : labels:
    - source: 'ChaCha20(key: password, iv: "123")'
      style: primary
      start: 37
      end: 71
    - source: ChaCha20
      style: secondary
      start: 37
      end: 45
    - source: key
      style: secondary
      start: 46
      end: 49
    - source: password
      style: secondary
      start: 51
      end: 59
    - source: 'key: password'
      style: secondary
      start: 46
      end: 59
    - source: '(key: password, iv: "123")'
      style: secondary
      start: 45
      end: 71
    - source: '(key: password, iv: "123")'
      style: secondary
      start: 45
      end: 71
    - source: password
      style: secondary
      start: 4
      end: 12
    - source: password
      style: secondary
      start: 4
      end: 12
    - source: Array("s33krit".utf8)
      style: secondary
      start: 15
      end: 36
    - source: let password = Array("s33krit".utf8)
      style: secondary
      start: 0
      end: 36
  ? |
    let password: Array<UInt8> = Array("s33krit".utf8)
    try ChaCha20(key: password, iv: "123")
  : labels:
    - source: 'try ChaCha20(key: password, iv: "123")'
      style: primary
      start: 51
      end: 89
    - source: ChaCha20
      style: secondary
      start: 55
      end: 63
    - source: key
      style: secondary
      start: 64
      end: 67
    - source: password
      style: secondary
      start: 69
      end: 77
    - source: 'key: password'
      style: secondary
      start: 64
      end: 77
    - source: '(key: password, iv: "123")'
      style: secondary
      start: 63
      end: 89
    - source: '(key: password, iv: "123")'
      style: secondary
      start: 63
      end: 89
    - source: 'ChaCha20(key: password, iv: "123")'
      style: secondary
      start: 55
      end: 89
    - source: password
      style: secondary
      start: 4
      end: 12
    - source: password
      style: secondary
      start: 4
      end: 12
    - source: Array("s33krit".utf8)
      style: secondary
      start: 29
      end: 50
    - source: 'let password: Array<UInt8> = Array("s33krit".utf8)'
      style: secondary
      start: 0
      end: 50
  ? |
    try ChaCha20(key: "hello", iv: "123")
  : labels:
    - source: 'try ChaCha20(key: "hello", iv: "123")'
      style: primary
      start: 0
      end: 37
    - source: ChaCha20
      style: secondary
      start: 4
      end: 12
    - source: key
      style: secondary
      start: 13
      end: 16
    - source: hello
      style: secondary
      start: 19
      end: 24
    - source: '"hello"'
      style: secondary
      start: 18
      end: 25
    - source: 'key: "hello"'
      style: secondary
      start: 13
      end: 25
    - source: '(key: "hello", iv: "123")'
      style: secondary
      start: 12
      end: 37
    - source: '(key: "hello", iv: "123")'
      style: secondary
      start: 12
      end: 37
    - source: 'ChaCha20(key: "hello", iv: "123")'
      style: secondary
      start: 4
      end: 37
  ? "try ChaCha20(key: Array(\"12345\".utf8), iv: \"initialization\") \n"
  : labels:
    - source: 'try ChaCha20(key: Array("12345".utf8), iv: "initialization")'
      style: primary
      start: 0
      end: 60
    - source: ChaCha20
      style: secondary
      start: 4
      end: 12
    - source: key
      style: secondary
      start: 13
      end: 16
    - source: Array
      style: secondary
      start: 18
      end: 23
    - source: '12345'
      style: secondary
      start: 25
      end: 30
    - source: '"12345"'
      style: secondary
      start: 24
      end: 31
    - source: utf8
      style: secondary
      start: 32
      end: 36
    - source: .utf8
      style: secondary
      start: 31
      end: 36
    - source: '"12345".utf8'
      style: secondary
      start: 24
      end: 36
    - source: '"12345".utf8'
      style: secondary
      start: 24
      end: 36
    - source: ("12345".utf8)
      style: secondary
      start: 23
      end: 37
    - source: Array("12345".utf8)
      style: secondary
      start: 18
      end: 37
    - source: 'key: Array("12345".utf8)'
      style: secondary
      start: 13
      end: 37
    - source: '(key: Array("12345".utf8), iv: "initialization")'
      style: secondary
      start: 12
      end: 60
    - source: 'ChaCha20(key: Array("12345".utf8), iv: "initialization")'
      style: secondary
      start: 4
      end: 60
  ? |
    try ChaCha20(key: Array("testpassword".utf8), iv: "123abc")
  : labels:
    - source: 'try ChaCha20(key: Array("testpassword".utf8), iv: "123abc")'
      style: primary
      start: 0
      end: 59
    - source: ChaCha20
      style: secondary
      start: 4
      end: 12
    - source: key
      style: secondary
      start: 13
      end: 16
    - source: Array
      style: secondary
      start: 18
      end: 23
    - source: testpassword
      style: secondary
      start: 25
      end: 37
    - source: '"testpassword"'
      style: secondary
      start: 24
      end: 38
    - source: utf8
      style: secondary
      start: 39
      end: 43
    - source: .utf8
      style: secondary
      start: 38
      end: 43
    - source: '"testpassword".utf8'
      style: secondary
      start: 24
      end: 43
    - source: '"testpassword".utf8'
      style: secondary
      start: 24
      end: 43
    - source: ("testpassword".utf8)
      style: secondary
      start: 23
      end: 44
    - source: Array("testpassword".utf8)
      style: secondary
      start: 18
      end: 44
    - source: 'key: Array("testpassword".utf8)'
      style: secondary
      start: 13
      end: 44
    - source: '(key: Array("testpassword".utf8), iv: "123abc")'
      style: secondary
      start: 12
      end: 59
    - source: 'ChaCha20(key: Array("testpassword".utf8), iv: "123abc")'
      style: secondary
      start: 4
      end: 59
