id: desede-is-deprecated-kotlin
snapshots:
  ? |
    Cipher c = Cipher.getInstance("kDESede/ECB/PKCS5Padding");
    c.init(Cipher.ENCRYPT_MODE, k, iv);
  : labels:
    - source: Cipher.getInstance("kDESede/ECB/PKCS5Padding")
      style: primary
      start: 11
      end: 57
    - source: Cipher.getInstance
      style: secondary
      start: 11
      end: 29
    - source: ("kDESede/ECB/PKCS5Padding")
      style: secondary
      start: 29
      end: 57
    - source: '"kDESede/ECB/PKCS5Padding"'
      style: secondary
      start: 30
      end: 56
    - source: '"kDESede/ECB/PKCS5Padding"'
      style: secondary
      start: 30
      end: 56
    - source: ("kDESede/ECB/PKCS5Padding")
      style: secondary
      start: 29
      end: 57
    - source: c.init(Cipher.ENCRYPT_MODE, k, iv)
      style: secondary
      start: 59
      end: 93
    - source: Cipher c = Cipher.getInstance("kDESede/ECB/PKCS5Padding")
      style: secondary
      start: 0
      end: 57
  ? "javax.crypto.SecretKey key = javax.crypto.KeyGenerator.getInstance(\"DES\").generateKey(); \n"
  : labels:
    - source: javax.crypto.KeyGenerator.getInstance("DES")
      style: primary
      start: 29
      end: 73
    - source: javax.crypto.KeyGenerator
      style: secondary
      start: 29
      end: 54
    - source: KeyGenerator
      style: secondary
      start: 42
      end: 54
    - source: .KeyGenerator
      style: secondary
      start: 41
      end: 54
    - source: javax.crypto.KeyGenerator.getInstance
      style: secondary
      start: 29
      end: 66
    - source: ("DES")
      style: secondary
      start: 66
      end: 73
    - source: '"DES"'
      style: secondary
      start: 67
      end: 72
    - source: '"DES"'
      style: secondary
      start: 67
      end: 72
    - source: ("DES")
      style: secondary
      start: 66
      end: 73
