id: detect-angular-sce-disabled-typescript
snapshots:
  $sceProvider.enabled(false)(false);:
    labels:
    - source: $sceProvider.enabled(false)
      style: primary
      start: 0
      end: 27
  ? |
    $sceProvider.enabled(false).someFunction(true).anything("anything");
  : labels:
    - source: $sceProvider.enabled(false)
      style: primary
      start: 0
      end: 27
  ? |
    $sceProvider.enabled(false);
  : labels:
    - source: $sceProvider.enabled(false)
      style: primary
      start: 0
      end: 27
