id: express-session-hardcoded-secret-typescript
snapshots:
  ? |
    import * as session from 'express-session'
    let a = 'a'
    let config = {
    secret: 'a',
    resave: false,
    saveUninitialized: false,
    }
  : labels:
    - source: 'secret: ''a'''
      style: primary
      start: 70
      end: 81
    - source: secret
      style: secondary
      start: 70
      end: 76
    - source: a
      style: secondary
      start: 79
      end: 80
    - source: '''a'''
      style: secondary
      start: 78
      end: 81
    - source: 'secret: ''a'''
      style: secondary
      start: 70
      end: 81
    - source: |-
        {
        secret: 'a',
        resave: false,
        saveUninitialized: false,
        }
      style: secondary
      start: 68
      end: 125
    - source: |-
        config = {
        secret: 'a',
        resave: false,
        saveUninitialized: false,
        }
      style: secondary
      start: 59
      end: 125
    - source: import * as session from 'express-session'
      style: secondary
      start: 0
      end: 42
    - source: |-
        let config = {
        secret: 'a',
        resave: false,
        saveUninitialized: false,
        }
      style: secondary
      start: 55
      end: 125
