id: hardcoded-connection-password-java
snapshots:
  ? |
    import javax.jdo.PersistenceManagerFactory;
    public class PeopleTest {
    private PersistenceManagerFactory pmf;
    private String pw = "asdf";
    {
    pmf.setConnectionPassword(pw);
    }
    }
  : labels:
    - source: setConnectionPassword
      style: primary
      start: 143
      end: 164
    - source: pmf
      style: secondary
      start: 139
      end: 142
    - source: setConnectionPassword
      style: secondary
      start: 143
      end: 164
    - source: pw
      style: secondary
      start: 165
      end: 167
    - source: (pw)
      style: secondary
      start: 164
      end: 168
    - source: pmf.setConnectionPassword(pw)
      style: secondary
      start: 139
      end: 168
    - source: pmf.setConnectionPassword(pw);
      style: secondary
      start: 139
      end: 169
    - source: PersistenceManagerFactory
      style: secondary
      start: 78
      end: 103
    - source: pmf
      style: secondary
      start: 104
      end: 107
    - source: private PersistenceManagerFactory pmf;
      style: secondary
      start: 70
      end: 108
    - source: |-
        public class PeopleTest {
        private PersistenceManagerFactory pmf;
        private String pw = "asdf";
        {
        pmf.setConnectionPassword(pw);
        }
        }
      style: secondary
      start: 44
      end: 173
    - source: import javax.jdo.PersistenceManagerFactory;
      style: secondary
      start: 0
      end: 43
    - source: |
        import javax.jdo.PersistenceManagerFactory;
        public class PeopleTest {
        private PersistenceManagerFactory pmf;
        private String pw = "asdf";
        {
        pmf.setConnectionPassword(pw);
        }
        }
      style: secondary
      start: 0
      end: 174
    - source: pw
      style: secondary
      start: 124
      end: 126
    - source: '"asdf"'
      style: secondary
      start: 129
      end: 135
    - source: pw = "asdf"
      style: secondary
      start: 124
      end: 135
    - source: |-
        public class PeopleTest {
        private PersistenceManagerFactory pmf;
        private String pw = "asdf";
        {
        pmf.setConnectionPassword(pw);
        }
        }
      style: secondary
      start: 44
      end: 173
  ? |
    import javax.jdo.PersistenceManagerFactory;
    public class PeopleTest {
    private PersistenceManagerFactory pmf;
    {
    pmf.setConnectionPassword("pw");
    }
    }
  : labels:
    - source: setConnectionPassword
      style: primary
      start: 115
      end: 136
    - source: pmf
      style: secondary
      start: 111
      end: 114
    - source: setConnectionPassword
      style: secondary
      start: 115
      end: 136
    - source: '"pw"'
      style: secondary
      start: 137
      end: 141
    - source: ("pw")
      style: secondary
      start: 136
      end: 142
    - source: pmf.setConnectionPassword("pw")
      style: secondary
      start: 111
      end: 142
    - source: pmf.setConnectionPassword("pw");
      style: secondary
      start: 111
      end: 143
    - source: PersistenceManagerFactory
      style: secondary
      start: 78
      end: 103
    - source: pmf
      style: secondary
      start: 104
      end: 107
    - source: private PersistenceManagerFactory pmf;
      style: secondary
      start: 70
      end: 108
    - source: |-
        public class PeopleTest {
        private PersistenceManagerFactory pmf;
        {
        pmf.setConnectionPassword("pw");
        }
        }
      style: secondary
      start: 44
      end: 147
    - source: import javax.jdo.PersistenceManagerFactory;
      style: secondary
      start: 0
      end: 43
    - source: |
        import javax.jdo.PersistenceManagerFactory;
        public class PeopleTest {
        private PersistenceManagerFactory pmf;
        {
        pmf.setConnectionPassword("pw");
        }
        }
      style: secondary
      start: 0
      end: 148
  ? |
    public class PeopleTest {
    private javax.jdo.PersistenceManagerFactory pmf;
    private String pw = "asdf";
    {
    pmf.setConnectionPassword(pw);
    }}
  : labels:
    - source: setConnectionPassword
      style: primary
      start: 109
      end: 130
    - source: pmf
      style: secondary
      start: 105
      end: 108
    - source: setConnectionPassword
      style: secondary
      start: 109
      end: 130
    - source: pw
      style: secondary
      start: 131
      end: 133
    - source: (pw)
      style: secondary
      start: 130
      end: 134
    - source: pmf.setConnectionPassword(pw)
      style: secondary
      start: 105
      end: 134
    - source: pmf.setConnectionPassword(pw);
      style: secondary
      start: 105
      end: 135
    - source: javax.jdo.PersistenceManagerFactory
      style: secondary
      start: 34
      end: 69
    - source: pmf
      style: secondary
      start: 70
      end: 73
    - source: private javax.jdo.PersistenceManagerFactory pmf;
      style: secondary
      start: 26
      end: 74
    - source: |-
        public class PeopleTest {
        private javax.jdo.PersistenceManagerFactory pmf;
        private String pw = "asdf";
        {
        pmf.setConnectionPassword(pw);
        }}
      style: secondary
      start: 0
      end: 138
    - source: pw
      style: secondary
      start: 90
      end: 92
    - source: '"asdf"'
      style: secondary
      start: 95
      end: 101
    - source: pw = "asdf"
      style: secondary
      start: 90
      end: 101
    - source: |-
        public class PeopleTest {
        private javax.jdo.PersistenceManagerFactory pmf;
        private String pw = "asdf";
        {
        pmf.setConnectionPassword(pw);
        }}
      style: secondary
      start: 0
      end: 138
  ? |
    public class PeopleTest {
    private javax.jdo.PersistenceManagerFactory pmf;
    {
    pmf.setConnectionPassword("asdf");
    }}
  : labels:
    - source: setConnectionPassword
      style: primary
      start: 81
      end: 102
    - source: pmf
      style: secondary
      start: 77
      end: 80
    - source: setConnectionPassword
      style: secondary
      start: 81
      end: 102
    - source: '"asdf"'
      style: secondary
      start: 103
      end: 109
    - source: ("asdf")
      style: secondary
      start: 102
      end: 110
    - source: pmf.setConnectionPassword("asdf")
      style: secondary
      start: 77
      end: 110
    - source: pmf.setConnectionPassword("asdf");
      style: secondary
      start: 77
      end: 111
    - source: javax.jdo.PersistenceManagerFactory
      style: secondary
      start: 34
      end: 69
    - source: pmf
      style: secondary
      start: 70
      end: 73
    - source: private javax.jdo.PersistenceManagerFactory pmf;
      style: secondary
      start: 26
      end: 74
    - source: |-
        public class PeopleTest {
        private javax.jdo.PersistenceManagerFactory pmf;
        {
        pmf.setConnectionPassword("asdf");
        }}
      style: secondary
      start: 0
      end: 114
