id: hardcoded-secret-rsa-passphrase-ruby
snapshots:
  ? |
    module Test
    require 'openssl'
    class Test
    $pass = 'super secret'
    def initialize(key = nil, iv = nil)
    @pass1 = 'my secure pass phrase goes here'
    @keypem = 'foo.pem'
    OpenSSL::PKey::RSA.new(1024).to_pem(cipher, "secret")
    bad
    bad1
    bad2
    bad3
    ok
    end
  : labels:
    - source: OpenSSL::PKey::RSA.new(1024).to_pem(cipher, "secret")
      style: primary
      start: 163
      end: 216
    - source: OpenSSL::PKey::RSA.new(1024)
      style: secondary
      start: 163
      end: 191
    - source: .
      style: secondary
      start: 191
      end: 192
    - source: to_pem
      style: secondary
      start: 192
      end: 198
    - source: secret
      style: secondary
      start: 208
      end: 214
    - source: '"secret"'
      style: secondary
      start: 207
      end: 215
    - source: (cipher, "secret")
      style: secondary
      start: 198
      end: 216
