id: jedis-jedisfactory-hardcoded-password-java
snapshots:
  ? |
    import redis.clients.jedis.JedisFactory;

    @Service
    public class JedisService implements IJedisService {
    @Test
    public void hardcoded() {
    JedisFactory jedisFactory = new JedisFactory();
    jedisFactory.setHostName(hostName);
    jedisFactory.setport(port);
    jedisFactory.setPassword("asdf");
    jedisFactory.setDatabase(database);
    }
    }
  : labels:
    - source: jedisFactory.setPassword("asdf");
      style: primary
      start: 248
      end: 281
    - source: jedisFactory
      style: secondary
      start: 248
      end: 260
    - source: setPassword
      style: secondary
      start: 261
      end: 272
    - source: '"asdf"'
      style: secondary
      start: 273
      end: 279
    - source: ("asdf")
      style: secondary
      start: 272
      end: 280
    - source: jedisFactory.setPassword("asdf")
      style: secondary
      start: 248
      end: 280
    - source: JedisFactory
      style: secondary
      start: 136
      end: 148
    - source: jedisFactory
      style: secondary
      start: 149
      end: 161
    - source: new JedisFactory()
      style: secondary
      start: 164
      end: 182
    - source: jedisFactory = new JedisFactory()
      style: secondary
      start: 149
      end: 182
    - source: JedisFactory jedisFactory = new JedisFactory();
      style: secondary
      start: 136
      end: 183
    - source: redis
      style: secondary
      start: 7
      end: 12
    - source: clients
      style: secondary
      start: 13
      end: 20
    - source: redis.clients.jedis.JedisFactory
      style: secondary
      start: 7
      end: 39
    - source: import redis.clients.jedis.JedisFactory;
      style: secondary
      start: 0
      end: 40
    - source: |-
        @Service
        public class JedisService implements IJedisService {
        @Test
        public void hardcoded() {
        JedisFactory jedisFactory = new JedisFactory();
        jedisFactory.setHostName(hostName);
        jedisFactory.setport(port);
        jedisFactory.setPassword("asdf");
        jedisFactory.setDatabase(database);
        }
        }
      style: secondary
      start: 42
      end: 321
  ? |
    import redis.clients.jedis.JedisFactory;

    @Service
    public class JedisService implements IJedisService {
    @Test
    public void hardcoded() {
    JedisFactory jedisFactory = new JedisFactory();
    jedisFactory.setHostName(hostName);
    jedisFactory.setport(port);
    string asd = "asdf";
    jedisFactory.setPassword(asd);
    jedisFactory.setDatabase(database);
    }
    }
  : labels:
    - source: jedisFactory.setPassword(asd);
      style: primary
      start: 269
      end: 299
    - source: jedisFactory
      style: secondary
      start: 269
      end: 281
    - source: setPassword
      style: secondary
      start: 282
      end: 293
    - source: asd
      style: secondary
      start: 294
      end: 297
    - source: (asd)
      style: secondary
      start: 293
      end: 298
    - source: jedisFactory.setPassword(asd)
      style: secondary
      start: 269
      end: 298
    - source: JedisFactory
      style: secondary
      start: 136
      end: 148
    - source: jedisFactory
      style: secondary
      start: 149
      end: 161
    - source: new JedisFactory()
      style: secondary
      start: 164
      end: 182
    - source: jedisFactory = new JedisFactory()
      style: secondary
      start: 149
      end: 182
    - source: JedisFactory jedisFactory = new JedisFactory();
      style: secondary
      start: 136
      end: 183
    - source: redis
      style: secondary
      start: 7
      end: 12
    - source: clients
      style: secondary
      start: 13
      end: 20
    - source: redis.clients.jedis.JedisFactory
      style: secondary
      start: 7
      end: 39
    - source: import redis.clients.jedis.JedisFactory;
      style: secondary
      start: 0
      end: 40
    - source: |-
        @Service
        public class JedisService implements IJedisService {
        @Test
        public void hardcoded() {
        JedisFactory jedisFactory = new JedisFactory();
        jedisFactory.setHostName(hostName);
        jedisFactory.setport(port);
        string asd = "asdf";
        jedisFactory.setPassword(asd);
        jedisFactory.setDatabase(database);
        }
        }
      style: secondary
      start: 42
      end: 339
    - source: asd
      style: secondary
      start: 255
      end: 258
    - source: '"asdf"'
      style: secondary
      start: 261
      end: 267
    - source: string asd = "asdf";
      style: secondary
      start: 248
      end: 268
  ? |
    import redis.clients.jedis.JedisFactory;

    @Service
    public class JedisService implements IJedisService {
    @Test
    public void hardcoded() {
    JedisFactory jedisFactory = new clients.jedis.JedisFactory();
    jedisFactory.setHostName(hostName);
    jedisFactory.setport(port);
    string asd = "asdf";
    jedisFactory.setPassword(asd);
    jedisFactory.setDatabase(database);
    }
    }
  : labels:
    - source: jedisFactory.setPassword(asd);
      style: primary
      start: 283
      end: 313
    - source: jedisFactory
      style: secondary
      start: 283
      end: 295
    - source: setPassword
      style: secondary
      start: 296
      end: 307
    - source: asd
      style: secondary
      start: 308
      end: 311
    - source: (asd)
      style: secondary
      start: 307
      end: 312
    - source: jedisFactory.setPassword(asd)
      style: secondary
      start: 283
      end: 312
    - source: JedisFactory
      style: secondary
      start: 136
      end: 148
    - source: jedisFactory
      style: secondary
      start: 149
      end: 161
    - source: new clients.jedis.JedisFactory()
      style: secondary
      start: 164
      end: 196
    - source: jedisFactory = new clients.jedis.JedisFactory()
      style: secondary
      start: 149
      end: 196
    - source: JedisFactory jedisFactory = new clients.jedis.JedisFactory();
      style: secondary
      start: 136
      end: 197
    - source: redis
      style: secondary
      start: 7
      end: 12
    - source: clients
      style: secondary
      start: 13
      end: 20
    - source: redis.clients.jedis.JedisFactory
      style: secondary
      start: 7
      end: 39
    - source: import redis.clients.jedis.JedisFactory;
      style: secondary
      start: 0
      end: 40
    - source: |-
        @Service
        public class JedisService implements IJedisService {
        @Test
        public void hardcoded() {
        JedisFactory jedisFactory = new clients.jedis.JedisFactory();
        jedisFactory.setHostName(hostName);
        jedisFactory.setport(port);
        string asd = "asdf";
        jedisFactory.setPassword(asd);
        jedisFactory.setDatabase(database);
        }
        }
      style: secondary
      start: 42
      end: 353
    - source: asd
      style: secondary
      start: 269
      end: 272
    - source: '"asdf"'
      style: secondary
      start: 275
      end: 281
    - source: string asd = "asdf";
      style: secondary
      start: 262
      end: 282
  ? |
    import redis.clients.jedis.JedisFactory;

    @Service
    public class JedisService implements IJedisService {
    @Test
    public void hardcoded() {
    JedisFactory jedisFactory = new jedis.JedisFactory();
    jedisFactory.setHostName(hostName);
    jedisFactory.setport(port);
    string asd = "asdf";
    jedisFactory.setPassword(asd);
    jedisFactory.setDatabase(database);
    }
    }
  : labels:
    - source: jedisFactory.setPassword(asd);
      style: primary
      start: 275
      end: 305
    - source: jedisFactory
      style: secondary
      start: 275
      end: 287
    - source: setPassword
      style: secondary
      start: 288
      end: 299
    - source: asd
      style: secondary
      start: 300
      end: 303
    - source: (asd)
      style: secondary
      start: 299
      end: 304
    - source: jedisFactory.setPassword(asd)
      style: secondary
      start: 275
      end: 304
    - source: JedisFactory
      style: secondary
      start: 136
      end: 148
    - source: jedisFactory
      style: secondary
      start: 149
      end: 161
    - source: new jedis.JedisFactory()
      style: secondary
      start: 164
      end: 188
    - source: jedisFactory = new jedis.JedisFactory()
      style: secondary
      start: 149
      end: 188
    - source: JedisFactory jedisFactory = new jedis.JedisFactory();
      style: secondary
      start: 136
      end: 189
    - source: redis
      style: secondary
      start: 7
      end: 12
    - source: clients
      style: secondary
      start: 13
      end: 20
    - source: redis.clients.jedis.JedisFactory
      style: secondary
      start: 7
      end: 39
    - source: import redis.clients.jedis.JedisFactory;
      style: secondary
      start: 0
      end: 40
    - source: |-
        @Service
        public class JedisService implements IJedisService {
        @Test
        public void hardcoded() {
        JedisFactory jedisFactory = new jedis.JedisFactory();
        jedisFactory.setHostName(hostName);
        jedisFactory.setport(port);
        string asd = "asdf";
        jedisFactory.setPassword(asd);
        jedisFactory.setDatabase(database);
        }
        }
      style: secondary
      start: 42
      end: 345
    - source: asd
      style: secondary
      start: 261
      end: 264
    - source: '"asdf"'
      style: secondary
      start: 267
      end: 273
    - source: string asd = "asdf";
      style: secondary
      start: 254
      end: 274
