id: jedis-jedisclientconfig-hardcoded-password-java
snapshots:
  ? |
    import redis.*;
    public class JedisTest {
    void run() {
        clients.jedis.DefaultJedisClientConfig asd = sad;
        asd.updatePassword("fcsfgsd");
    }}
  : labels:
    - source: asd.updatePassword("fcsfgsd")
      style: primary
      start: 112
      end: 141
    - source: asd
      style: secondary
      start: 112
      end: 115
    - source: updatePassword
      style: secondary
      start: 116
      end: 130
    - source: '"fcsfgsd"'
      style: secondary
      start: 131
      end: 140
    - source: ("fcsfgsd")
      style: secondary
      start: 130
      end: 141
    - source: clients.jedis.DefaultJedisClientConfig
      style: secondary
      start: 58
      end: 96
    - source: asd
      style: secondary
      start: 97
      end: 100
    - source: asd = sad
      style: secondary
      start: 97
      end: 106
    - source: clients.jedis.DefaultJedisClientConfig asd = sad;
      style: secondary
      start: 58
      end: 107
    - source: asd.updatePassword("fcsfgsd");
      style: secondary
      start: 112
      end: 142
    - source: redis
      style: secondary
      start: 7
      end: 12
    - source: import redis.*;
      style: secondary
      start: 0
      end: 15
    - source: |
        import redis.*;
        public class JedisTest {
        void run() {
            clients.jedis.DefaultJedisClientConfig asd = sad;
            asd.updatePassword("fcsfgsd");
        }}
      style: secondary
      start: 0
      end: 146
  ? |
    import redis.*;
    public class JedisTest {
    void run() {
        clients.jedis.JedisClientConfig asd = sad;
        asd.updatePassword("fcsfgsd");
    }}
  : labels:
    - source: asd.updatePassword("fcsfgsd")
      style: primary
      start: 105
      end: 134
    - source: asd
      style: secondary
      start: 105
      end: 108
    - source: updatePassword
      style: secondary
      start: 109
      end: 123
    - source: '"fcsfgsd"'
      style: secondary
      start: 124
      end: 133
    - source: ("fcsfgsd")
      style: secondary
      start: 123
      end: 134
    - source: clients.jedis.JedisClientConfig
      style: secondary
      start: 58
      end: 89
    - source: asd
      style: secondary
      start: 90
      end: 93
    - source: asd = sad
      style: secondary
      start: 90
      end: 99
    - source: clients.jedis.JedisClientConfig asd = sad;
      style: secondary
      start: 58
      end: 100
    - source: asd.updatePassword("fcsfgsd");
      style: secondary
      start: 105
      end: 135
    - source: redis
      style: secondary
      start: 7
      end: 12
    - source: import redis.*;
      style: secondary
      start: 0
      end: 15
    - source: |
        import redis.*;
        public class JedisTest {
        void run() {
            clients.jedis.JedisClientConfig asd = sad;
            asd.updatePassword("fcsfgsd");
        }}
      style: secondary
      start: 0
      end: 139
  ? |
    import redis.clients.jedis.JedisClientConfig;
    import redis.clients.jedis.DefaultJedisClientConfig;
    public class JedisTest {
    void run() {
     new DefaultJedisClientConfig(connectionTimeoutMillis, socketTimeoutMillis,
     blockingSocketTimeoutMillis, user, "asdf", database, clientName, ssl, sslSocketFactory,
     sslParameters, hostnameVerifier, hostAndPortMapper);
    }}
  : labels:
    - source: |-
        new DefaultJedisClientConfig(connectionTimeoutMillis, socketTimeoutMillis,
         blockingSocketTimeoutMillis, user, "asdf", database, clientName, ssl, sslSocketFactory,
         sslParameters, hostnameVerifier, hostAndPortMapper)
      style: primary
      start: 138
      end: 354
    - source: DefaultJedisClientConfig
      style: secondary
      start: 142
      end: 166
    - source: '"asdf"'
      style: secondary
      start: 249
      end: 255
    - source: database
      style: secondary
      start: 257
      end: 265
    - source: |-
        (connectionTimeoutMillis, socketTimeoutMillis,
         blockingSocketTimeoutMillis, user, "asdf", database, clientName, ssl, sslSocketFactory,
         sslParameters, hostnameVerifier, hostAndPortMapper)
      style: secondary
      start: 166
      end: 354
    - source: redis.clients.jedis.JedisClientConfig
      style: secondary
      start: 7
      end: 44
    - source: import redis.clients.jedis.JedisClientConfig;
      style: secondary
      start: 0
      end: 45
    - source: |
        import redis.clients.jedis.JedisClientConfig;
        import redis.clients.jedis.DefaultJedisClientConfig;
        public class JedisTest {
        void run() {
         new DefaultJedisClientConfig(connectionTimeoutMillis, socketTimeoutMillis,
         blockingSocketTimeoutMillis, user, "asdf", database, clientName, ssl, sslSocketFactory,
         sslParameters, hostnameVerifier, hostAndPortMapper);
        }}
      style: secondary
      start: 0
      end: 359
  ? |
    import redis.clients.jedis.JedisClientConfig;
    import redis.clients.jedis.DefaultJedisClientConfig;
    public class JedisTest {
    void run() {
    DefaultJedisClientConfig.Builder builder = DefaultJedisClientConfig.builder();
        builder.password("asdf");
    }}
  : labels:
    - source: builder.password("asdf")
      style: primary
      start: 220
      end: 244
    - source: builder
      style: secondary
      start: 220
      end: 227
    - source: password
      style: secondary
      start: 228
      end: 236
    - source: '"asdf"'
      style: secondary
      start: 237
      end: 243
    - source: ("asdf")
      style: secondary
      start: 236
      end: 244
    - source: DefaultJedisClientConfig.Builder
      style: secondary
      start: 137
      end: 169
    - source: builder
      style: secondary
      start: 170
      end: 177
    - source: builder = DefaultJedisClientConfig.builder()
      style: secondary
      start: 170
      end: 214
    - source: DefaultJedisClientConfig.Builder builder = DefaultJedisClientConfig.builder();
      style: secondary
      start: 137
      end: 215
    - source: builder.password("asdf");
      style: secondary
      start: 220
      end: 245
    - source: redis.clients.jedis.JedisClientConfig
      style: secondary
      start: 7
      end: 44
    - source: import redis.clients.jedis.JedisClientConfig;
      style: secondary
      start: 0
      end: 45
    - source: |
        import redis.clients.jedis.JedisClientConfig;
        import redis.clients.jedis.DefaultJedisClientConfig;
        public class JedisTest {
        void run() {
        DefaultJedisClientConfig.Builder builder = DefaultJedisClientConfig.builder();
            builder.password("asdf");
        }}
      style: secondary
      start: 0
      end: 249
  ? |
    import redis.clients.jedis.JedisClientConfig;
    import redis.clients.jedis.DefaultJedisClientConfig;
    public class JedisTest {
    void run() {
    DefaultJedisClientConfig.create(connectionTimeoutMillis, socketTimeoutMillis,
    blockingSocketTimeoutMillis, user, "asdf", database, clientName, ssl, sslSocketFactory,
    sslParameters, hostnameVerifier, hostAndPortMapper);
    }}
  : labels:
    - source: |-
        DefaultJedisClientConfig.create(connectionTimeoutMillis, socketTimeoutMillis,
        blockingSocketTimeoutMillis, user, "asdf", database, clientName, ssl, sslSocketFactory,
        sslParameters, hostnameVerifier, hostAndPortMapper)
      style: primary
      start: 137
      end: 354
    - source: DefaultJedisClientConfig
      style: secondary
      start: 137
      end: 161
    - source: create
      style: secondary
      start: 162
      end: 168
    - source: '"asdf"'
      style: secondary
      start: 250
      end: 256
    - source: database
      style: secondary
      start: 258
      end: 266
    - source: |-
        (connectionTimeoutMillis, socketTimeoutMillis,
        blockingSocketTimeoutMillis, user, "asdf", database, clientName, ssl, sslSocketFactory,
        sslParameters, hostnameVerifier, hostAndPortMapper)
      style: secondary
      start: 168
      end: 354
    - source: redis.clients.jedis.JedisClientConfig
      style: secondary
      start: 7
      end: 44
    - source: import redis.clients.jedis.JedisClientConfig;
      style: secondary
      start: 0
      end: 45
    - source: |
        import redis.clients.jedis.JedisClientConfig;
        import redis.clients.jedis.DefaultJedisClientConfig;
        public class JedisTest {
        void run() {
        DefaultJedisClientConfig.create(connectionTimeoutMillis, socketTimeoutMillis,
        blockingSocketTimeoutMillis, user, "asdf", database, clientName, ssl, sslSocketFactory,
        sslParameters, hostnameVerifier, hostAndPortMapper);
        }}
      style: secondary
      start: 0
      end: 359
  ? |
    import redis.clients.jedis.JedisClientConfig;
    import redis.clients.jedis.DefaultJedisClientConfig;
    public class JedisTest {
    void run() {
    JedisClientConfig cc = DefaultJedisClientConfig.builder()
            .password("asdf")
            .ssl(useSsl)
            .build();

    }}
  : labels:
    - source: |-
        DefaultJedisClientConfig.builder()
                .password("asdf")
      style: primary
      start: 160
      end: 220
    - source: DefaultJedisClientConfig.builder()
      style: secondary
      start: 160
      end: 194
    - source: password
      style: secondary
      start: 204
      end: 212
    - source: '"asdf"'
      style: secondary
      start: 213
      end: 219
    - source: ("asdf")
      style: secondary
      start: 212
      end: 220
    - source: redis.clients.jedis.JedisClientConfig
      style: secondary
      start: 7
      end: 44
    - source: import redis.clients.jedis.JedisClientConfig;
      style: secondary
      start: 0
      end: 45
    - source: |
        import redis.clients.jedis.JedisClientConfig;
        import redis.clients.jedis.DefaultJedisClientConfig;
        public class JedisTest {
        void run() {
        JedisClientConfig cc = DefaultJedisClientConfig.builder()
                .password("asdf")
                .ssl(useSsl)
                .build();

        }}
      style: secondary
      start: 0
      end: 264
  ? |
    import redis.clients.jedis.JedisClientConfig;
    import redis.clients.jedis.DefaultJedisClientConfig;
    public class JedisTest {
    void run() {
    JedisClientConfig cc = DefaultJedisClientConfig.builder();
        cc.updatePassword("hello");
    }}
  : labels:
    - source: cc.updatePassword("hello")
      style: primary
      start: 200
      end: 226
    - source: cc
      style: secondary
      start: 200
      end: 202
    - source: updatePassword
      style: secondary
      start: 203
      end: 217
    - source: '"hello"'
      style: secondary
      start: 218
      end: 225
    - source: ("hello")
      style: secondary
      start: 217
      end: 226
    - source: JedisClientConfig
      style: secondary
      start: 137
      end: 154
    - source: cc
      style: secondary
      start: 155
      end: 157
    - source: cc = DefaultJedisClientConfig.builder()
      style: secondary
      start: 155
      end: 194
    - source: JedisClientConfig cc = DefaultJedisClientConfig.builder();
      style: secondary
      start: 137
      end: 195
    - source: cc.updatePassword("hello");
      style: secondary
      start: 200
      end: 227
    - source: redis.clients.jedis.JedisClientConfig
      style: secondary
      start: 7
      end: 44
    - source: import redis.clients.jedis.JedisClientConfig;
      style: secondary
      start: 0
      end: 45
    - source: |
        import redis.clients.jedis.JedisClientConfig;
        import redis.clients.jedis.DefaultJedisClientConfig;
        public class JedisTest {
        void run() {
        JedisClientConfig cc = DefaultJedisClientConfig.builder();
            cc.updatePassword("hello");
        }}
      style: secondary
      start: 0
      end: 231
