id: missing-nul-cpp-string-memcpy-copy-c
snapshots:
  ? |
    char dest1[10];
    memcpy(dest1, from.c_str(), strlen(from.c_str()));
  : labels:
    - source: memcpy
      style: primary
      start: 16
      end: 22
    - source: from
      style: secondary
      start: 30
      end: 34
    - source: c_str
      style: secondary
      start: 35
      end: 40
    - source: from.c_str
      style: secondary
      start: 30
      end: 40
    - source: from.c_str()
      style: secondary
      start: 30
      end: 42
    - source: strlen
      style: secondary
      start: 44
      end: 50
    - source: from
      style: secondary
      start: 51
      end: 55
    - source: from.c_str
      style: secondary
      start: 51
      end: 61
    - source: c_str
      style: secondary
      start: 56
      end: 61
    - source: from.c_str()
      style: secondary
      start: 51
      end: 63
    - source: (from.c_str())
      style: secondary
      start: 50
      end: 64
    - source: strlen(from.c_str())
      style: secondary
      start: 44
      end: 64
    - source: dest1
      style: secondary
      start: 23
      end: 28
    - source: (dest1, from.c_str(), strlen(from.c_str()))
      style: secondary
      start: 22
      end: 65
    - source: dest1
      style: secondary
      start: 5
      end: 10
    - source: '10'
      style: secondary
      start: 11
      end: 13
    - source: dest1[10]
      style: secondary
      start: 5
      end: 14
    - source: char dest1[10];
      style: secondary
      start: 0
      end: 15
    - source: memcpy(dest1, from.c_str(), strlen(from.c_str()));
      style: secondary
      start: 16
      end: 66
    - source: memcpy(dest1, from.c_str(), strlen(from.c_str()))
      style: secondary
      start: 16
      end: 65
  ? |
    char dest2[15];
    memmove(dest2, from.c_str(), from.size());
  : labels:
    - source: memmove
      style: primary
      start: 16
      end: 23
    - source: from
      style: secondary
      start: 31
      end: 35
    - source: from.c_str
      style: secondary
      start: 31
      end: 41
    - source: c_str
      style: secondary
      start: 36
      end: 41
    - source: from.c_str()
      style: secondary
      start: 31
      end: 43
    - source: from
      style: secondary
      start: 45
      end: 49
    - source: size
      style: secondary
      start: 50
      end: 54
    - source: from.size
      style: secondary
      start: 45
      end: 54
    - source: from.size()
      style: secondary
      start: 45
      end: 56
    - source: dest2
      style: secondary
      start: 24
      end: 29
    - source: (dest2, from.c_str(), from.size())
      style: secondary
      start: 23
      end: 57
    - source: dest2
      style: secondary
      start: 5
      end: 10
    - source: '15'
      style: secondary
      start: 11
      end: 13
    - source: dest2[15]
      style: secondary
      start: 5
      end: 14
    - source: char dest2[15];
      style: secondary
      start: 0
      end: 15
    - source: memmove(dest2, from.c_str(), from.size());
      style: secondary
      start: 16
      end: 58
    - source: memmove(dest2, from.c_str(), from.size())
      style: secondary
      start: 16
      end: 57
  ? |
    char dest3[10];
    size_t length = strlen(from.c_str());
    memcpy(dest3, from.c_str(), length);
  : labels:
    - source: memcpy
      style: primary
      start: 54
      end: 60
    - source: from
      style: secondary
      start: 68
      end: 72
    - source: c_str
      style: secondary
      start: 73
      end: 78
    - source: from.c_str
      style: secondary
      start: 68
      end: 78
    - source: ()
      style: secondary
      start: 78
      end: 80
    - source: from.c_str()
      style: secondary
      start: 68
      end: 80
    - source: length
      style: secondary
      start: 82
      end: 88
    - source: dest3
      style: secondary
      start: 61
      end: 66
    - source: (dest3, from.c_str(), length)
      style: secondary
      start: 60
      end: 89
    - source: dest3
      style: secondary
      start: 5
      end: 10
    - source: '10'
      style: secondary
      start: 11
      end: 13
    - source: dest3[10]
      style: secondary
      start: 5
      end: 14
    - source: char dest3[10];
      style: secondary
      start: 0
      end: 15
    - source: memcpy(dest3, from.c_str(), length);
      style: secondary
      start: 54
      end: 90
    - source: memcpy(dest3, from.c_str(), length)
      style: secondary
      start: 54
      end: 89
  ? |
    char dest4[10];
    size_t len = from.length();
    memmove(dest4, from.c_str(), len);
  : labels:
    - source: memmove
      style: primary
      start: 44
      end: 51
    - source: from
      style: secondary
      start: 59
      end: 63
    - source: c_str
      style: secondary
      start: 64
      end: 69
    - source: from.c_str
      style: secondary
      start: 59
      end: 69
    - source: ()
      style: secondary
      start: 69
      end: 71
    - source: from.c_str()
      style: secondary
      start: 59
      end: 71
    - source: len
      style: secondary
      start: 73
      end: 76
    - source: dest4
      style: secondary
      start: 52
      end: 57
    - source: (dest4, from.c_str(), len)
      style: secondary
      start: 51
      end: 77
    - source: dest4
      style: secondary
      start: 5
      end: 10
    - source: '10'
      style: secondary
      start: 11
      end: 13
    - source: dest4[10]
      style: secondary
      start: 5
      end: 14
    - source: char dest4[10];
      style: secondary
      start: 0
      end: 15
    - source: memmove(dest4, from.c_str(), len);
      style: secondary
      start: 44
      end: 78
    - source: memmove(dest4, from.c_str(), len)
      style: secondary
      start: 44
      end: 77
  ? |
    char to[20];
    memcpy(to, from.c_str(), from.length());
  : labels:
    - source: memcpy
      style: primary
      start: 13
      end: 19
    - source: from
      style: secondary
      start: 24
      end: 28
    - source: from.c_str
      style: secondary
      start: 24
      end: 34
    - source: c_str
      style: secondary
      start: 29
      end: 34
    - source: from.c_str()
      style: secondary
      start: 24
      end: 36
    - source: from
      style: secondary
      start: 38
      end: 42
    - source: length
      style: secondary
      start: 43
      end: 49
    - source: from.length
      style: secondary
      start: 38
      end: 49
    - source: from.length()
      style: secondary
      start: 38
      end: 51
    - source: to
      style: secondary
      start: 20
      end: 22
    - source: (to, from.c_str(), from.length())
      style: secondary
      start: 19
      end: 52
    - source: to
      style: secondary
      start: 5
      end: 7
    - source: '20'
      style: secondary
      start: 8
      end: 10
    - source: to[20]
      style: secondary
      start: 5
      end: 11
    - source: char to[20];
      style: secondary
      start: 0
      end: 12
    - source: memcpy(to, from.c_str(), from.length());
      style: secondary
      start: 13
      end: 53
    - source: memcpy(to, from.c_str(), from.length())
      style: secondary
      start: 13
      end: 52
  ? |
    char to[20];
    memcpy(to, from.c_str(), from.size());
  : labels:
    - source: memcpy
      style: primary
      start: 13
      end: 19
    - source: from
      style: secondary
      start: 24
      end: 28
    - source: from.c_str
      style: secondary
      start: 24
      end: 34
    - source: c_str
      style: secondary
      start: 29
      end: 34
    - source: from.c_str()
      style: secondary
      start: 24
      end: 36
    - source: from
      style: secondary
      start: 38
      end: 42
    - source: size
      style: secondary
      start: 43
      end: 47
    - source: from.size
      style: secondary
      start: 38
      end: 47
    - source: from.size()
      style: secondary
      start: 38
      end: 49
    - source: to
      style: secondary
      start: 20
      end: 22
    - source: (to, from.c_str(), from.size())
      style: secondary
      start: 19
      end: 50
    - source: to
      style: secondary
      start: 5
      end: 7
    - source: '20'
      style: secondary
      start: 8
      end: 10
    - source: to[20]
      style: secondary
      start: 5
      end: 11
    - source: char to[20];
      style: secondary
      start: 0
      end: 12
    - source: memcpy(to, from.c_str(), from.size());
      style: secondary
      start: 13
      end: 51
    - source: memcpy(to, from.c_str(), from.size())
      style: secondary
      start: 13
      end: 50
  ? |
    char to[20];
    memcpy(to, from.c_str(), strlen(from.c_str()));
  : labels:
    - source: memcpy
      style: primary
      start: 13
      end: 19
    - source: from
      style: secondary
      start: 24
      end: 28
    - source: c_str
      style: secondary
      start: 29
      end: 34
    - source: from.c_str
      style: secondary
      start: 24
      end: 34
    - source: from.c_str()
      style: secondary
      start: 24
      end: 36
    - source: strlen
      style: secondary
      start: 38
      end: 44
    - source: from
      style: secondary
      start: 45
      end: 49
    - source: from.c_str
      style: secondary
      start: 45
      end: 55
    - source: c_str
      style: secondary
      start: 50
      end: 55
    - source: from.c_str()
      style: secondary
      start: 45
      end: 57
    - source: (from.c_str())
      style: secondary
      start: 44
      end: 58
    - source: strlen(from.c_str())
      style: secondary
      start: 38
      end: 58
    - source: to
      style: secondary
      start: 20
      end: 22
    - source: (to, from.c_str(), strlen(from.c_str()))
      style: secondary
      start: 19
      end: 59
    - source: to
      style: secondary
      start: 5
      end: 7
    - source: '20'
      style: secondary
      start: 8
      end: 10
    - source: to[20]
      style: secondary
      start: 5
      end: 11
    - source: char to[20];
      style: secondary
      start: 0
      end: 12
    - source: memcpy(to, from.c_str(), strlen(from.c_str()));
      style: secondary
      start: 13
      end: 60
    - source: memcpy(to, from.c_str(), strlen(from.c_str()))
      style: secondary
      start: 13
      end: 59
  ? |
    wchar_t wide_dest[20];
    wmemcpy(wide_dest, wide_from.c_str(), wide_from.size());
  : labels:
    - source: wmemcpy
      style: primary
      start: 23
      end: 30
    - source: wide_from
      style: secondary
      start: 42
      end: 51
    - source: wide_from.c_str
      style: secondary
      start: 42
      end: 57
    - source: c_str
      style: secondary
      start: 52
      end: 57
    - source: wide_from.c_str()
      style: secondary
      start: 42
      end: 59
    - source: wide_from
      style: secondary
      start: 61
      end: 70
    - source: size
      style: secondary
      start: 71
      end: 75
    - source: wide_from.size
      style: secondary
      start: 61
      end: 75
    - source: wide_from.size()
      style: secondary
      start: 61
      end: 77
    - source: wide_dest
      style: secondary
      start: 31
      end: 40
    - source: (wide_dest, wide_from.c_str(), wide_from.size())
      style: secondary
      start: 30
      end: 78
    - source: wide_dest
      style: secondary
      start: 8
      end: 17
    - source: '20'
      style: secondary
      start: 18
      end: 20
    - source: wide_dest[20]
      style: secondary
      start: 8
      end: 21
    - source: wchar_t wide_dest[20];
      style: secondary
      start: 0
      end: 22
    - source: wmemcpy(wide_dest, wide_from.c_str(), wide_from.size());
      style: secondary
      start: 23
      end: 79
    - source: wmemcpy(wide_dest, wide_from.c_str(), wide_from.size())
      style: secondary
      start: 23
      end: 78
