id: networkcredential-hardcoded-secret-csharp
snapshots:
  ? |
    private A GetConnection(args)
    {
        NetworkCredential cre = new NetworkCredential();
        cre.Password = "aaaa";
    }
  : labels:
    - source: cre.Password = "aaaa"
      style: primary
      start: 89
      end: 110
    - source: cre
      style: secondary
      start: 89
      end: 92
    - source: Password
      style: secondary
      start: 93
      end: 101
    - source: cre.Password
      style: secondary
      start: 89
      end: 101
    - source: aaaa
      style: secondary
      start: 105
      end: 109
    - source: '"aaaa"'
      style: secondary
      start: 104
      end: 110
    - source: NetworkCredential
      style: secondary
      start: 36
      end: 53
    - source: NetworkCredential cre = new NetworkCredential()
      style: secondary
      start: 36
      end: 83
    - source: cre
      style: secondary
      start: 54
      end: 57
    - source: cre = new NetworkCredential()
      style: secondary
      start: 54
      end: 83
    - source: NetworkCredential
      style: secondary
      start: 64
      end: 81
    - source: ()
      style: secondary
      start: 81
      end: 83
    - source: new NetworkCredential()
      style: secondary
      start: 60
      end: 83
    - source: NetworkCredential cre = new NetworkCredential();
      style: secondary
      start: 36
      end: 84
    - source: cre.Password = "aaaa";
      style: secondary
      start: 89
      end: 111
  ? |
    private A GetConnection(args)
    {
        NetworkCredential cre = new NetworkCredential();
        string password = "aaa";
        cre.Password = password;
    }
  : labels:
    - source: cre.Password = password
      style: primary
      start: 118
      end: 141
    - source: cre
      style: secondary
      start: 118
      end: 121
    - source: Password
      style: secondary
      start: 122
      end: 130
    - source: cre.Password
      style: secondary
      start: 118
      end: 130
    - source: password
      style: secondary
      start: 133
      end: 141
    - source: string
      style: secondary
      start: 89
      end: 95
    - source: string password = "aaa"
      style: secondary
      start: 89
      end: 112
    - source: password
      style: secondary
      start: 96
      end: 104
    - source: password = "aaa"
      style: secondary
      start: 96
      end: 112
    - source: aaa
      style: secondary
      start: 108
      end: 111
    - source: '"aaa"'
      style: secondary
      start: 107
      end: 112
    - source: NetworkCredential
      style: secondary
      start: 36
      end: 53
    - source: NetworkCredential cre = new NetworkCredential()
      style: secondary
      start: 36
      end: 83
    - source: cre
      style: secondary
      start: 54
      end: 57
    - source: cre = new NetworkCredential()
      style: secondary
      start: 54
      end: 83
    - source: NetworkCredential
      style: secondary
      start: 64
      end: 81
    - source: ()
      style: secondary
      start: 81
      end: 83
    - source: new NetworkCredential()
      style: secondary
      start: 60
      end: 83
    - source: NetworkCredential cre = new NetworkCredential();
      style: secondary
      start: 36
      end: 84
    - source: string password = "aaa";
      style: secondary
      start: 89
      end: 113
    - source: cre.Password = password;
      style: secondary
      start: 118
      end: 142
  ? |
    private A GetConnection(args)
    {
        new NetworkCredential("username", "password");
    }
  : labels:
    - source: new NetworkCredential("username", "password")
      style: primary
      start: 36
      end: 81
    - source: NetworkCredential
      style: secondary
      start: 40
      end: 57
    - source: password
      style: secondary
      start: 71
      end: 79
    - source: '"password"'
      style: secondary
      start: 70
      end: 80
    - source: '"password"'
      style: secondary
      start: 70
      end: 80
    - source: ("username", "password")
      style: secondary
      start: 57
      end: 81
  ? |
    private A GetConnection(args)
    {
        string password = "aaa";
        new NetworkCredential("username", password);
    }
  : labels:
    - source: new NetworkCredential("username", password)
      style: primary
      start: 65
      end: 108
    - source: NetworkCredential
      style: secondary
      start: 69
      end: 86
    - source: username
      style: secondary
      start: 88
      end: 96
    - source: '"username"'
      style: secondary
      start: 87
      end: 97
    - source: '"username"'
      style: secondary
      start: 87
      end: 97
    - source: password
      style: secondary
      start: 99
      end: 107
    - source: password
      style: secondary
      start: 99
      end: 107
    - source: ("username", password)
      style: secondary
      start: 86
      end: 108
    - source: string password = "aaa"
      style: secondary
      start: 36
      end: 59
    - source: password
      style: secondary
      start: 43
      end: 51
    - source: password = "aaa"
      style: secondary
      start: 43
      end: 59
    - source: aaa
      style: secondary
      start: 55
      end: 58
    - source: '"aaa"'
      style: secondary
      start: 54
      end: 59
    - source: string password = "aaa";
      style: secondary
      start: 36
      end: 60
    - source: new NetworkCredential("username", password);
      style: secondary
      start: 65
      end: 109
