id: npgsqlconnectionstringbuilder-hardcoded-secret-csharp
snapshots:
  ? |
    using System;
    using Npgsql;
    namespace a
    {
    class Program
    {
    static void Main(string[] args)
    {
    NpgsqlConnectionStringBuilder urlBuilder = new NpgsqlConnectionStringBuilder();
    string password = "aaa";
    urlBuilder.Password = "aaaa";
    }
    }
    }
  : labels:
    - source: urlBuilder.Password = "aaaa"
      style: primary
      start: 197
      end: 225
    - source: urlBuilder
      style: secondary
      start: 197
      end: 207
    - source: Password
      style: secondary
      start: 208
      end: 216
    - source: urlBuilder.Password
      style: secondary
      start: 197
      end: 216
    - source: aaaa
      style: secondary
      start: 220
      end: 224
    - source: '"aaaa"'
      style: secondary
      start: 219
      end: 225
    - source: NpgsqlConnectionStringBuilder
      style: secondary
      start: 92
      end: 121
    - source: NpgsqlConnectionStringBuilder urlBuilder = new NpgsqlConnectionStringBuilder()
      style: secondary
      start: 92
      end: 170
    - source: urlBuilder
      style: secondary
      start: 122
      end: 132
    - source: urlBuilder = new NpgsqlConnectionStringBuilder()
      style: secondary
      start: 122
      end: 170
    - source: NpgsqlConnectionStringBuilder
      style: secondary
      start: 139
      end: 168
    - source: ()
      style: secondary
      start: 168
      end: 170
    - source: new NpgsqlConnectionStringBuilder()
      style: secondary
      start: 135
      end: 170
    - source: NpgsqlConnectionStringBuilder urlBuilder = new NpgsqlConnectionStringBuilder();
      style: secondary
      start: 92
      end: 171
    - source: urlBuilder.Password = "aaaa";
      style: secondary
      start: 197
      end: 226
  ? |
    using System;
    using Npgsql;
    namespace a
    {
    class Program
    {
    static void Main(string[] args)
    {
    NpgsqlConnectionStringBuilder urlBuilder = new NpgsqlConnectionStringBuilder();
    string password = "aaa";
    urlBuilder["Password"] = "aaaa";
    }
    }
    }
  : labels:
    - source: urlBuilder["Password"] = "aaaa"
      style: primary
      start: 197
      end: 228
    - source: urlBuilder
      style: secondary
      start: 197
      end: 207
    - source: '["Password"]'
      style: secondary
      start: 207
      end: 219
    - source: '"Password"'
      style: secondary
      start: 208
      end: 218
    - source: Password
      style: secondary
      start: 209
      end: 217
    - source: '"Password"'
      style: secondary
      start: 208
      end: 218
    - source: urlBuilder["Password"]
      style: secondary
      start: 197
      end: 219
    - source: Password
      style: secondary
      start: 209
      end: 217
    - source: '"Password"'
      style: secondary
      start: 208
      end: 218
    - source: NpgsqlConnectionStringBuilder
      style: secondary
      start: 92
      end: 121
    - source: NpgsqlConnectionStringBuilder urlBuilder = new NpgsqlConnectionStringBuilder()
      style: secondary
      start: 92
      end: 170
    - source: urlBuilder
      style: secondary
      start: 122
      end: 132
    - source: urlBuilder = new NpgsqlConnectionStringBuilder()
      style: secondary
      start: 122
      end: 170
    - source: NpgsqlConnectionStringBuilder
      style: secondary
      start: 139
      end: 168
    - source: ()
      style: secondary
      start: 168
      end: 170
    - source: new NpgsqlConnectionStringBuilder()
      style: secondary
      start: 135
      end: 170
    - source: NpgsqlConnectionStringBuilder urlBuilder = new NpgsqlConnectionStringBuilder();
      style: secondary
      start: 92
      end: 171
    - source: urlBuilder["Password"] = "aaaa";
      style: secondary
      start: 197
      end: 229
  ? "using System;\nusing Npgsql;\nnamespace a\n{\nclass Program\n{\nstatic void Main(string[] args)\n{\nNpgsqlConnectionStringBuilder urlBuilder = new NpgsqlConnectionStringBuilder();\nstring password = \"aaa\";  \nurlBuilder[\"Password\"] = password;\n}\n}\n}\n"
  : labels:
    - source: urlBuilder["Password"] = password
      style: primary
      start: 199
      end: 232
    - source: urlBuilder
      style: secondary
      start: 199
      end: 209
    - source: '["Password"]'
      style: secondary
      start: 209
      end: 221
    - source: '"Password"'
      style: secondary
      start: 210
      end: 220
    - source: Password
      style: secondary
      start: 211
      end: 219
    - source: '"Password"'
      style: secondary
      start: 210
      end: 220
    - source: urlBuilder["Password"]
      style: secondary
      start: 199
      end: 221
    - source: password
      style: secondary
      start: 224
      end: 232
    - source: string
      style: secondary
      start: 172
      end: 178
    - source: string password = "aaa"
      style: secondary
      start: 172
      end: 195
    - source: password
      style: secondary
      start: 179
      end: 187
    - source: password = "aaa"
      style: secondary
      start: 179
      end: 195
    - source: aaa
      style: secondary
      start: 191
      end: 194
    - source: '"aaa"'
      style: secondary
      start: 190
      end: 195
    - source: NpgsqlConnectionStringBuilder
      style: secondary
      start: 92
      end: 121
    - source: NpgsqlConnectionStringBuilder urlBuilder = new NpgsqlConnectionStringBuilder()
      style: secondary
      start: 92
      end: 170
    - source: urlBuilder
      style: secondary
      start: 122
      end: 132
    - source: urlBuilder = new NpgsqlConnectionStringBuilder()
      style: secondary
      start: 122
      end: 170
    - source: NpgsqlConnectionStringBuilder
      style: secondary
      start: 139
      end: 168
    - source: ()
      style: secondary
      start: 168
      end: 170
    - source: new NpgsqlConnectionStringBuilder()
      style: secondary
      start: 135
      end: 170
    - source: NpgsqlConnectionStringBuilder urlBuilder = new NpgsqlConnectionStringBuilder();
      style: secondary
      start: 92
      end: 171
    - source: string password = "aaa";
      style: secondary
      start: 172
      end: 196
    - source: urlBuilder["Password"] = password;
      style: secondary
      start: 199
      end: 233
