id: python-requests-oauth-hardcoded-secret-python
snapshots:
  ? |
    import requests
    import os
    from requests_oauthlib import OAuth1, OAuth2Session
    auth1 = OAuth1('APP_KEY_HERE', 'APP_SECRET_HERE', 'USER_TOKEN', 'USER_TOKEN_SECRET')
  : labels:
    - source: OAuth1('APP_KEY_HERE', 'APP_SECRET_HERE', 'USER_TOKEN', 'USER_TOKEN_SECRET')
      style: primary
      start: 86
      end: 162
    - source: OAuth1
      style: secondary
      start: 86
      end: 92
    - source: '''APP_KEY_HERE'''
      style: secondary
      start: 93
      end: 107
    - source: '''APP_KEY_HERE'''
      style: secondary
      start: 93
      end: 107
    - source: '''APP_KEY_HERE'''
      style: secondary
      start: 93
      end: 107
    - source: '''APP_KEY_HERE'''
      style: secondary
      start: 93
      end: 107
    - source: ('APP_KEY_HERE', 'APP_SECRET_HERE', 'USER_TOKEN', 'USER_TOKEN_SECRET')
      style: secondary
      start: 92
      end: 162
    - source: requests_oauthlib
      style: secondary
      start: 31
      end: 48
    - source: requests_oauthlib
      style: secondary
      start: 31
      end: 48
    - source: OAuth1
      style: secondary
      start: 56
      end: 62
    - source: OAuth1
      style: secondary
      start: 56
      end: 62
    - source: from requests_oauthlib import OAuth1, OAuth2Session
      style: secondary
      start: 26
      end: 77
    - source: auth1 = OAuth1('APP_KEY_HERE', 'APP_SECRET_HERE', 'USER_TOKEN', 'USER_TOKEN_SECRET')
      style: secondary
      start: 78
      end: 162
    - source: auth1
      style: secondary
      start: 78
      end: 83
    - source: auth1 = OAuth1('APP_KEY_HERE', 'APP_SECRET_HERE', 'USER_TOKEN', 'USER_TOKEN_SECRET')
      style: secondary
      start: 78
      end: 162
  ? |
    import requests
    import os
    from requests_oauthlib import OAuth1, OAuth2Session
    auth2 = OAuth1(os.getenv('APP_KEY'), 'HARD_CODED_SECRET', os.getenv('USER_TOKEN'), 'HARD_CODED_TOKEN_SECRET')
  : labels:
    - source: OAuth1(os.getenv('APP_KEY'), 'HARD_CODED_SECRET', os.getenv('USER_TOKEN'), 'HARD_CODED_TOKEN_SECRET')
      style: primary
      start: 86
      end: 187
    - source: OAuth1
      style: secondary
      start: 86
      end: 92
    - source: '''HARD_CODED_SECRET'''
      style: secondary
      start: 115
      end: 134
    - source: '''HARD_CODED_SECRET'''
      style: secondary
      start: 115
      end: 134
    - source: '''HARD_CODED_SECRET'''
      style: secondary
      start: 115
      end: 134
    - source: '''HARD_CODED_SECRET'''
      style: secondary
      start: 115
      end: 134
    - source: (os.getenv('APP_KEY'), 'HARD_CODED_SECRET', os.getenv('USER_TOKEN'), 'HARD_CODED_TOKEN_SECRET')
      style: secondary
      start: 92
      end: 187
    - source: requests_oauthlib
      style: secondary
      start: 31
      end: 48
    - source: requests_oauthlib
      style: secondary
      start: 31
      end: 48
    - source: OAuth1
      style: secondary
      start: 56
      end: 62
    - source: OAuth1
      style: secondary
      start: 56
      end: 62
    - source: from requests_oauthlib import OAuth1, OAuth2Session
      style: secondary
      start: 26
      end: 77
    - source: auth2 = OAuth1(os.getenv('APP_KEY'), 'HARD_CODED_SECRET', os.getenv('USER_TOKEN'), 'HARD_CODED_TOKEN_SECRET')
      style: secondary
      start: 78
      end: 187
    - source: auth2
      style: secondary
      start: 78
      end: 83
    - source: auth2 = OAuth1(os.getenv('APP_KEY'), 'HARD_CODED_SECRET', os.getenv('USER_TOKEN'), 'HARD_CODED_TOKEN_SECRET')
      style: secondary
      start: 78
      end: 187
  ? |
    import requests
    import os
    from requests_oauthlib import OAuth1, OAuth2Session
    oauth2 = OAuth2Session(client_id="MY_CLIENT_ID", redirect_uri="https://example.com/callback", scope=["profile", "email"])
    token = oauth2.fetch_token(
    'https://accounts.google.com/o/oauth2/token',
    authorization_response='https://example.com/auth_response',
    client_secret="HARDCODED_SECRET"
    )
  : labels:
    - source: |-
        oauth2.fetch_token(
        'https://accounts.google.com/o/oauth2/token',
        authorization_response='https://example.com/auth_response',
        client_secret="HARDCODED_SECRET"
        )
      style: primary
      start: 208
      end: 368
    - source: oauth2
      style: secondary
      start: 208
      end: 214
    - source: fetch_token
      style: secondary
      start: 215
      end: 226
    - source: oauth2.fetch_token
      style: secondary
      start: 208
      end: 226
    - source: '''https://accounts.google.com/o/oauth2/token'''
      style: secondary
      start: 228
      end: 272
    - source: authorization_response='https://example.com/auth_response'
      style: secondary
      start: 274
      end: 332
    - source: client_secret
      style: secondary
      start: 334
      end: 347
    - source: '"HARDCODED_SECRET"'
      style: secondary
      start: 348
      end: 366
    - source: client_secret="HARDCODED_SECRET"
      style: secondary
      start: 334
      end: 366
    - source: |-
        (
        'https://accounts.google.com/o/oauth2/token',
        authorization_response='https://example.com/auth_response',
        client_secret="HARDCODED_SECRET"
        )
      style: secondary
      start: 226
      end: 368
    - source: oauth2
      style: secondary
      start: 78
      end: 84
    - source: OAuth2Session(client_id="MY_CLIENT_ID", redirect_uri="https://example.com/callback", scope=["profile", "email"])
      style: secondary
      start: 87
      end: 199
    - source: oauth2 = OAuth2Session(client_id="MY_CLIENT_ID", redirect_uri="https://example.com/callback", scope=["profile", "email"])
      style: secondary
      start: 78
      end: 199
    - source: requests_oauthlib
      style: secondary
      start: 31
      end: 48
    - source: requests_oauthlib
      style: secondary
      start: 31
      end: 48
    - source: OAuth1
      style: secondary
      start: 56
      end: 62
    - source: OAuth1
      style: secondary
      start: 56
      end: 62
    - source: from requests_oauthlib import OAuth1, OAuth2Session
      style: secondary
      start: 26
      end: 77
    - source: oauth2 = OAuth2Session(client_id="MY_CLIENT_ID", redirect_uri="https://example.com/callback", scope=["profile", "email"])
      style: secondary
      start: 78
      end: 199
    - source: |-
        token = oauth2.fetch_token(
        'https://accounts.google.com/o/oauth2/token',
        authorization_response='https://example.com/auth_response',
        client_secret="HARDCODED_SECRET"
        )
      style: secondary
      start: 200
      end: 368
    - source: token
      style: secondary
      start: 200
      end: 205
    - source: |-
        token = oauth2.fetch_token(
        'https://accounts.google.com/o/oauth2/token',
        authorization_response='https://example.com/auth_response',
        client_secret="HARDCODED_SECRET"
        )
      style: secondary
      start: 200
      end: 368
