id: python-peewee-pg-empty-password-python
snapshots:
  ? |
    database = PostgresqlDatabase(None)
    database.init('database_name', host='localhost', user='postgres', password='')
  : labels:
    - source: database.init('database_name', host='localhost', user='postgres', password='')
      style: primary
      start: 36
      end: 114
    - source: database
      style: secondary
      start: 36
      end: 44
    - source: init
      style: secondary
      start: 45
      end: 49
    - source: database.init
      style: secondary
      start: 36
      end: 49
    - source: password
      style: secondary
      start: 102
      end: 110
    - source: ''''''
      style: secondary
      start: 111
      end: 113
    - source: password=''
      style: secondary
      start: 102
      end: 113
    - source: ('database_name', host='localhost', user='postgres', password='')
      style: secondary
      start: 49
      end: 114
    - source: database
      style: secondary
      start: 0
      end: 8
    - source: PostgresqlDatabase(None)
      style: secondary
      start: 11
      end: 35
    - source: database = PostgresqlDatabase(None)
      style: secondary
      start: 0
      end: 35
    - source: database = PostgresqlDatabase(None)
      style: secondary
      start: 0
      end: 35
    - source: database.init('database_name', host='localhost', user='postgres', password='')
      style: secondary
      start: 36
      end: 114
  ? |
    database = PostgresqlDatabase(None)
    pswd = ""
    database.init('database_name', host='localhost', user='postgres', password=pswd)
  : labels:
    - source: database.init('database_name', host='localhost', user='postgres', password=pswd)
      style: primary
      start: 46
      end: 126
    - source: database
      style: secondary
      start: 46
      end: 54
    - source: init
      style: secondary
      start: 55
      end: 59
    - source: database.init
      style: secondary
      start: 46
      end: 59
    - source: password
      style: secondary
      start: 112
      end: 120
    - source: pswd
      style: secondary
      start: 121
      end: 125
    - source: password=pswd
      style: secondary
      start: 112
      end: 125
    - source: ('database_name', host='localhost', user='postgres', password=pswd)
      style: secondary
      start: 59
      end: 126
    - source: database
      style: secondary
      start: 0
      end: 8
    - source: PostgresqlDatabase(None)
      style: secondary
      start: 11
      end: 35
    - source: database = PostgresqlDatabase(None)
      style: secondary
      start: 0
      end: 35
    - source: database = PostgresqlDatabase(None)
      style: secondary
      start: 0
      end: 35
    - source: database.init('database_name', host='localhost', user='postgres', password=pswd)
      style: secondary
      start: 46
      end: 126
    - source: pswd
      style: secondary
      start: 36
      end: 40
    - source: '""'
      style: secondary
      start: 43
      end: 45
    - source: pswd = ""
      style: secondary
      start: 36
      end: 45
    - source: pswd = ""
      style: secondary
      start: 36
      end: 45
    - source: database.init('database_name', host='localhost', user='postgres', password=pswd)
      style: secondary
      start: 46
      end: 126
  ? |
    db_rch_p = PooledCockroachDatabase('my_app', user='postgres', password='', host='10.1.0.9', port=5432)
  : labels:
    - source: PooledCockroachDatabase('my_app', user='postgres', password='', host='10.1.0.9', port=5432)
      style: primary
      start: 11
      end: 102
    - source: PooledCockroachDatabase
      style: secondary
      start: 11
      end: 34
    - source: password
      style: secondary
      start: 62
      end: 70
    - source: ''''''
      style: secondary
      start: 71
      end: 73
    - source: password=''
      style: secondary
      start: 62
      end: 73
    - source: ('my_app', user='postgres', password='', host='10.1.0.9', port=5432)
      style: secondary
      start: 34
      end: 102
  ? |
    pg_db1 = PostgresqlDatabase('my_app', user='postgres', password='', host='10.1.0.9', port=5432)
  : labels:
    - source: PostgresqlDatabase('my_app', user='postgres', password='', host='10.1.0.9', port=5432)
      style: primary
      start: 9
      end: 95
    - source: PostgresqlDatabase
      style: secondary
      start: 9
      end: 27
    - source: password
      style: secondary
      start: 55
      end: 63
    - source: ''''''
      style: secondary
      start: 64
      end: 66
    - source: password=''
      style: secondary
      start: 55
      end: 66
    - source: ('my_app', user='postgres', password='', host='10.1.0.9', port=5432)
      style: secondary
      start: 27
      end: 95
  ? |
    pool = PooledPostgresqlDatabase('my_app', user='postgres', password='', host='10.1.0.9', port=5432)
  : labels:
    - source: PooledPostgresqlDatabase('my_app', user='postgres', password='', host='10.1.0.9', port=5432)
      style: primary
      start: 7
      end: 99
    - source: PooledPostgresqlDatabase
      style: secondary
      start: 7
      end: 31
    - source: password
      style: secondary
      start: 59
      end: 67
    - source: ''''''
      style: secondary
      start: 68
      end: 70
    - source: password=''
      style: secondary
      start: 59
      end: 70
    - source: ('my_app', user='postgres', password='', host='10.1.0.9', port=5432)
      style: secondary
      start: 31
      end: 99
  ? |
    pswd = ""
    pg_db2 = PostgresqlDatabase('my_app', user='postgres', password=pswd, host='10.1.0.9', port=5432)
  : labels:
    - source: PostgresqlDatabase('my_app', user='postgres', password=pswd, host='10.1.0.9', port=5432)
      style: primary
      start: 19
      end: 107
    - source: PostgresqlDatabase
      style: secondary
      start: 19
      end: 37
    - source: password
      style: secondary
      start: 65
      end: 73
    - source: pswd
      style: secondary
      start: 74
      end: 78
    - source: password=pswd
      style: secondary
      start: 65
      end: 78
    - source: ('my_app', user='postgres', password=pswd, host='10.1.0.9', port=5432)
      style: secondary
      start: 37
      end: 107
    - source: pswd
      style: secondary
      start: 0
      end: 4
    - source: '""'
      style: secondary
      start: 7
      end: 9
    - source: pswd = ""
      style: secondary
      start: 0
      end: 9
    - source: pswd = ""
      style: secondary
      start: 0
      end: 9
    - source: pg_db2 = PostgresqlDatabase('my_app', user='postgres', password=pswd, host='10.1.0.9', port=5432)
      style: secondary
      start: 10
      end: 107
  ? |
    pswd = ""
    pg_db2 = PostgresqlExtDatabase('my_app', user='postgres', password=pswd, host='10.1.0.9', port=5432)
  : labels:
    - source: PostgresqlExtDatabase('my_app', user='postgres', password=pswd, host='10.1.0.9', port=5432)
      style: primary
      start: 19
      end: 110
    - source: PostgresqlExtDatabase
      style: secondary
      start: 19
      end: 40
    - source: password
      style: secondary
      start: 68
      end: 76
    - source: pswd
      style: secondary
      start: 77
      end: 81
    - source: password=pswd
      style: secondary
      start: 68
      end: 81
    - source: ('my_app', user='postgres', password=pswd, host='10.1.0.9', port=5432)
      style: secondary
      start: 40
      end: 110
    - source: pswd
      style: secondary
      start: 0
      end: 4
    - source: '""'
      style: secondary
      start: 7
      end: 9
    - source: pswd = ""
      style: secondary
      start: 0
      end: 9
    - source: pswd = ""
      style: secondary
      start: 0
      end: 9
    - source: pg_db2 = PostgresqlExtDatabase('my_app', user='postgres', password=pswd, host='10.1.0.9', port=5432)
      style: secondary
      start: 10
      end: 110
