id: python-pymongo-empty-password-python
snapshots:
  ? |
    from pymongo import MongoClient
    import os
    MongoClient(password="")
  : labels:
    - source: MongoClient(password="")
      style: primary
      start: 42
      end: 66
    - source: MongoClient
      style: secondary
      start: 42
      end: 53
    - source: password
      style: secondary
      start: 54
      end: 62
    - source: password=""
      style: secondary
      start: 54
      end: 65
    - source: '""'
      style: secondary
      start: 63
      end: 65
    - source: (password="")
      style: secondary
      start: 53
      end: 66
    - source: MongoClient(password="")
      style: secondary
      start: 42
      end: 66
    - source: pymongo
      style: secondary
      start: 5
      end: 12
    - source: pymongo
      style: secondary
      start: 5
      end: 12
    - source: MongoClient
      style: secondary
      start: 20
      end: 31
    - source: MongoClient
      style: secondary
      start: 20
      end: 31
    - source: from pymongo import MongoClient
      style: secondary
      start: 0
      end: 31
  ? |
    from pymongo import MongoClient
    import os
    password = "";
    MongoClient(password=password)
  : labels:
    - source: MongoClient(password=password)
      style: primary
      start: 57
      end: 87
    - source: MongoClient
      style: secondary
      start: 57
      end: 68
    - source: password
      style: secondary
      start: 69
      end: 77
    - source: password
      style: secondary
      start: 78
      end: 86
    - source: password=password
      style: secondary
      start: 69
      end: 86
    - source: (password=password)
      style: secondary
      start: 68
      end: 87
    - source: MongoClient(password=password)
      style: secondary
      start: 57
      end: 87
    - source: password
      style: secondary
      start: 42
      end: 50
    - source: password = ""
      style: secondary
      start: 42
      end: 55
    - source: '"'
      style: secondary
      start: 53
      end: 54
    - source: '"'
      style: secondary
      start: 54
      end: 55
    - source: '""'
      style: secondary
      start: 53
      end: 55
    - source: pymongo
      style: secondary
      start: 5
      end: 12
    - source: pymongo
      style: secondary
      start: 5
      end: 12
    - source: MongoClient
      style: secondary
      start: 20
      end: 31
    - source: MongoClient
      style: secondary
      start: 20
      end: 31
    - source: from pymongo import MongoClient
      style: secondary
      start: 0
      end: 31
    - source: password = ""
      style: secondary
      start: 42
      end: 55
