id: python-mariadb-empty-password-python
snapshots:
  ? |
    import mariadb as mrdbl123
    {
      mrdbl123.connect(host="this.is.my.host",user="root",passwd="",database="aaa")
    }
  : labels:
    - source: mrdbl123.connect(host="this.is.my.host",user="root",passwd="",database="aaa")
      style: primary
      start: 31
      end: 108
    - source: mariadb
      style: secondary
      start: 7
      end: 14
    - source: mrdbl123
      style: secondary
      start: 18
      end: 26
    - source: mariadb as mrdbl123
      style: secondary
      start: 7
      end: 26
    - source: import mariadb as mrdbl123
      style: secondary
      start: 0
      end: 26
    - source: import mariadb as mrdbl123
      style: secondary
      start: 0
      end: 26
    - source: mrdbl123
      style: secondary
      start: 31
      end: 39
    - source: connect
      style: secondary
      start: 40
      end: 47
    - source: '"'
      style: secondary
      start: 90
      end: 91
    - source: '"'
      style: secondary
      start: 91
      end: 92
    - source: '""'
      style: secondary
      start: 90
      end: 92
    - source: passwd
      style: secondary
      start: 83
      end: 89
    - source: passwd=""
      style: secondary
      start: 83
      end: 92
    - source: (host="this.is.my.host",user="root",passwd="",database="aaa")
      style: secondary
      start: 47
      end: 108
    - source: mrdbl123.connect
      style: secondary
      start: 31
      end: 47
