id: python-redis-empty-password-python
snapshots:
  ? |
    foobar = ''
    redis_client = redis.Redis(host='1.2.3.4', password=foobar, port=6379)
  : labels:
    - source: redis.Redis(host='1.2.3.4', password=foobar, port=6379)
      style: primary
      start: 27
      end: 82
    - source: redis.Redis
      style: secondary
      start: 27
      end: 38
    - source: password
      style: secondary
      start: 55
      end: 63
    - source: password
      style: secondary
      start: 55
      end: 63
    - source: password=foobar
      style: secondary
      start: 55
      end: 70
    - source: (host='1.2.3.4', password=foobar, port=6379)
      style: secondary
      start: 38
      end: 82
    - source: foobar
      style: secondary
      start: 0
      end: 6
    - source: ''''''
      style: secondary
      start: 9
      end: 11
    - source: foobar = ''
      style: secondary
      start: 0
      end: 11
    - source: foobar = ''
      style: secondary
      start: 0
      end: 11
    - source: redis_client = redis.Redis(host='1.2.3.4', password=foobar, port=6379)
      style: secondary
      start: 12
      end: 82
  ? |
    from redis import Redis
    foobar = ''
    redis_client = Redis(host='1.2.3.4', password=foobar, port=6379)
  : labels:
    - source: Redis(host='1.2.3.4', password=foobar, port=6379)
      style: primary
      start: 51
      end: 100
    - source: Redis
      style: secondary
      start: 51
      end: 56
    - source: password
      style: secondary
      start: 73
      end: 81
    - source: foobar
      style: secondary
      start: 82
      end: 88
    - source: password=foobar
      style: secondary
      start: 73
      end: 88
    - source: (host='1.2.3.4', password=foobar, port=6379)
      style: secondary
      start: 56
      end: 100
    - source: foobar
      style: secondary
      start: 24
      end: 30
    - source: ''''''
      style: secondary
      start: 33
      end: 35
    - source: foobar = ''
      style: secondary
      start: 24
      end: 35
    - source: foobar = ''
      style: secondary
      start: 24
      end: 35
    - source: redis_client = Redis(host='1.2.3.4', password=foobar, port=6379)
      style: secondary
      start: 36
      end: 100
    - source: from redis import Redis
      style: secondary
      start: 0
      end: 23
    - source: |
        from redis import Redis
        foobar = ''
        redis_client = Redis(host='1.2.3.4', password=foobar, port=6379)
      style: secondary
      start: 0
      end: 101
  ? |
    from redis import Redis
    redis_client = Redis(
    host='prod.redis.example.com',
    port=6379,
    password='',
    db=3
    )
  : labels:
    - source: |-
        Redis(
        host='prod.redis.example.com',
        port=6379,
        password='',
        db=3
        )
      style: primary
      start: 39
      end: 107
    - source: Redis
      style: secondary
      start: 39
      end: 44
    - source: password
      style: secondary
      start: 88
      end: 96
    - source: ''''''
      style: secondary
      start: 97
      end: 99
    - source: password=''
      style: secondary
      start: 88
      end: 99
    - source: |-
        (
        host='prod.redis.example.com',
        port=6379,
        password='',
        db=3
        )
      style: secondary
      start: 44
      end: 107
    - source: from redis import Redis
      style: secondary
      start: 0
      end: 23
    - source: |
        from redis import Redis
        redis_client = Redis(
        host='prod.redis.example.com',
        port=6379,
        password='',
        db=3
        )
      style: secondary
      start: 0
      end: 108
  ? |
    redis_client = redis.Redis(
    host='prod.redis.example.com',
    port=6379,
    password='',
    db=3
    )
  : labels:
    - source: |-
        redis.Redis(
        host='prod.redis.example.com',
        port=6379,
        password='',
        db=3
        )
      style: primary
      start: 15
      end: 89
    - source: redis.Redis
      style: secondary
      start: 15
      end: 26
    - source: password
      style: secondary
      start: 70
      end: 78
    - source: ''''''
      style: secondary
      start: 79
      end: 81
    - source: password=''
      style: secondary
      start: 70
      end: 81
    - source: |-
        (
        host='prod.redis.example.com',
        port=6379,
        password='',
        db=3
        )
      style: secondary
      start: 26
      end: 89
  ? |
    redis_client = redis.Redis(host='10.0.0.1', port=6379, password="")
  : labels:
    - source: redis.Redis(host='10.0.0.1', port=6379, password="")
      style: primary
      start: 15
      end: 67
    - source: redis.Redis
      style: secondary
      start: 15
      end: 26
    - source: password
      style: secondary
      start: 55
      end: 63
    - source: '""'
      style: secondary
      start: 64
      end: 66
    - source: password=""
      style: secondary
      start: 55
      end: 66
    - source: (host='10.0.0.1', port=6379, password="")
      style: secondary
      start: 26
      end: 67
