id: python-requests-empty-password-python
snapshots:
  ? |
    asd = ''
    basic = requests.auth.HTTPBasicAuth('user', asd)
    requests.get('https://httpbin.org/basic-auth/user/pass', auth=basic)
  : labels:
    - source: requests.auth.HTTPBasicAuth('user', asd)
      style: primary
      start: 17
      end: 57
    - source: requests.auth.HTTPBasicAuth
      style: secondary
      start: 17
      end: 44
    - source: '''user'''
      style: secondary
      start: 45
      end: 51
    - source: asd
      style: secondary
      start: 53
      end: 56
    - source: ('user', asd)
      style: secondary
      start: 44
      end: 57
    - source: asd
      style: secondary
      start: 0
      end: 3
    - source: ''''''
      style: secondary
      start: 6
      end: 8
    - source: asd = ''
      style: secondary
      start: 0
      end: 8
    - source: asd = ''
      style: secondary
      start: 0
      end: 8
    - source: basic = requests.auth.HTTPBasicAuth('user', asd)
      style: secondary
      start: 9
      end: 57
  ? |
    asd = ''
    basic = requests.auth.HTTPDigestAuth('user', asd)
    requests.get('https://httpbin.org/basic-auth/user/pass', auth=basic)
  : labels:
    - source: requests.auth.HTTPDigestAuth('user', asd)
      style: primary
      start: 17
      end: 58
    - source: requests.auth.HTTPDigestAuth
      style: secondary
      start: 17
      end: 45
    - source: '''user'''
      style: secondary
      start: 46
      end: 52
    - source: asd
      style: secondary
      start: 54
      end: 57
    - source: ('user', asd)
      style: secondary
      start: 45
      end: 58
    - source: asd
      style: secondary
      start: 0
      end: 3
    - source: ''''''
      style: secondary
      start: 6
      end: 8
    - source: asd = ''
      style: secondary
      start: 0
      end: 8
    - source: asd = ''
      style: secondary
      start: 0
      end: 8
    - source: basic = requests.auth.HTTPDigestAuth('user', asd)
      style: secondary
      start: 9
      end: 58
  ? |
    asd = ''
    basic = requests.auth.HTTPProxyAuth('user', asd)
    requests.get('https://httpbin.org/basic-auth/user/pass', auth=basic)
  : labels:
    - source: requests.auth.HTTPProxyAuth('user', asd)
      style: primary
      start: 17
      end: 57
    - source: requests.auth.HTTPProxyAuth
      style: secondary
      start: 17
      end: 44
    - source: '''user'''
      style: secondary
      start: 45
      end: 51
    - source: asd
      style: secondary
      start: 53
      end: 56
    - source: ('user', asd)
      style: secondary
      start: 44
      end: 57
    - source: asd
      style: secondary
      start: 0
      end: 3
    - source: ''''''
      style: secondary
      start: 6
      end: 8
    - source: asd = ''
      style: secondary
      start: 0
      end: 8
    - source: asd = ''
      style: secondary
      start: 0
      end: 8
    - source: basic = requests.auth.HTTPProxyAuth('user', asd)
      style: secondary
      start: 9
      end: 57
  ? |
    basic = requests.auth.HTTPBasicAuth('user', '')
    requests.get('https://httpbin.org/basic-auth/user/pass', auth=basic)
  : labels:
    - source: requests.auth.HTTPBasicAuth('user', '')
      style: primary
      start: 8
      end: 47
    - source: requests.auth.HTTPBasicAuth
      style: secondary
      start: 8
      end: 35
    - source: '''user'''
      style: secondary
      start: 36
      end: 42
    - source: ''''''
      style: secondary
      start: 44
      end: 46
    - source: ('user', '')
      style: secondary
      start: 35
      end: 47
  ? |
    basic = requests.auth.HTTPDigestAuth('user', '')
    requests.get('https://httpbin.org/basic-auth/user/pass', auth=basic)
  : labels:
    - source: requests.auth.HTTPDigestAuth('user', '')
      style: primary
      start: 8
      end: 48
    - source: requests.auth.HTTPDigestAuth
      style: secondary
      start: 8
      end: 36
    - source: '''user'''
      style: secondary
      start: 37
      end: 43
    - source: ''''''
      style: secondary
      start: 45
      end: 47
    - source: ('user', '')
      style: secondary
      start: 36
      end: 48
  ? |
    basic = requests.auth.HTTPProxyAuth('user', '')
    requests.get('https://httpbin.org/basic-auth/user/pass', auth=basic)
  : labels:
    - source: requests.auth.HTTPProxyAuth('user', '')
      style: primary
      start: 8
      end: 47
    - source: requests.auth.HTTPProxyAuth
      style: secondary
      start: 8
      end: 35
    - source: '''user'''
      style: secondary
      start: 36
      end: 42
    - source: ''''''
      style: secondary
      start: 44
      end: 46
    - source: ('user', '')
      style: secondary
      start: 35
      end: 47
  ? |
    from requests.auth import HTTPBasicAuth
    asd = ''
    basic = HTTPBasicAuth('user', asd)
    requests.get('https://httpbin.org/basic-auth/user/pass', auth=basic)
  : labels:
    - source: HTTPBasicAuth('user', asd)
      style: primary
      start: 57
      end: 83
    - source: HTTPBasicAuth
      style: secondary
      start: 57
      end: 70
    - source: user
      style: secondary
      start: 72
      end: 76
    - source: '''user'''
      style: secondary
      start: 71
      end: 77
    - source: asd
      style: secondary
      start: 79
      end: 82
    - source: ('user', asd)
      style: secondary
      start: 70
      end: 83
    - source: from requests.auth import HTTPBasicAuth
      style: secondary
      start: 0
      end: 39
    - source: |
        from requests.auth import HTTPBasicAuth
        asd = ''
        basic = HTTPBasicAuth('user', asd)
        requests.get('https://httpbin.org/basic-auth/user/pass', auth=basic)
      style: secondary
      start: 0
      end: 153
    - source: asd
      style: secondary
      start: 40
      end: 43
    - source: ''''''
      style: secondary
      start: 46
      end: 48
    - source: asd = ''
      style: secondary
      start: 40
      end: 48
    - source: asd = ''
      style: secondary
      start: 40
      end: 48
    - source: basic = HTTPBasicAuth('user', asd)
      style: secondary
      start: 49
      end: 83
  ? |
    from requests.auth import HTTPBasicAuth
    basic = HTTPBasicAuth('user', '')
    requests.get('https://httpbin.org/basic-auth/user/pass', auth=basic)
  : labels:
    - source: HTTPBasicAuth('user', '')
      style: primary
      start: 48
      end: 73
    - source: HTTPBasicAuth
      style: secondary
      start: 48
      end: 61
    - source: user
      style: secondary
      start: 63
      end: 67
    - source: '''user'''
      style: secondary
      start: 62
      end: 68
    - source: ''''''
      style: secondary
      start: 70
      end: 72
    - source: ('user', '')
      style: secondary
      start: 61
      end: 73
    - source: from requests.auth import HTTPBasicAuth
      style: secondary
      start: 0
      end: 39
    - source: |
        from requests.auth import HTTPBasicAuth
        basic = HTTPBasicAuth('user', '')
        requests.get('https://httpbin.org/basic-auth/user/pass', auth=basic)
      style: secondary
      start: 0
      end: 143
  ? |
    from requests.auth import HTTPDigestAuth
    asd = ''
    basic = HTTPDigestAuth('user', asd)
    requests.get('https://httpbin.org/basic-auth/user/pass', auth=basic)
  : labels:
    - source: HTTPDigestAuth('user', asd)
      style: primary
      start: 58
      end: 85
    - source: HTTPDigestAuth
      style: secondary
      start: 58
      end: 72
    - source: user
      style: secondary
      start: 74
      end: 78
    - source: '''user'''
      style: secondary
      start: 73
      end: 79
    - source: asd
      style: secondary
      start: 81
      end: 84
    - source: ('user', asd)
      style: secondary
      start: 72
      end: 85
    - source: from requests.auth import HTTPDigestAuth
      style: secondary
      start: 0
      end: 40
    - source: |
        from requests.auth import HTTPDigestAuth
        asd = ''
        basic = HTTPDigestAuth('user', asd)
        requests.get('https://httpbin.org/basic-auth/user/pass', auth=basic)
      style: secondary
      start: 0
      end: 155
    - source: asd
      style: secondary
      start: 41
      end: 44
    - source: ''''''
      style: secondary
      start: 47
      end: 49
    - source: asd = ''
      style: secondary
      start: 41
      end: 49
    - source: asd = ''
      style: secondary
      start: 41
      end: 49
    - source: basic = HTTPDigestAuth('user', asd)
      style: secondary
      start: 50
      end: 85
  ? |
    from requests.auth import HTTPDigestAuth
    basic = HTTPDigestAuth('user', '')
    requests.get('https://httpbin.org/basic-auth/user/pass', auth=basic)
  : labels:
    - source: HTTPDigestAuth('user', '')
      style: primary
      start: 49
      end: 75
    - source: HTTPDigestAuth
      style: secondary
      start: 49
      end: 63
    - source: user
      style: secondary
      start: 65
      end: 69
    - source: '''user'''
      style: secondary
      start: 64
      end: 70
    - source: ''''''
      style: secondary
      start: 72
      end: 74
    - source: ('user', '')
      style: secondary
      start: 63
      end: 75
    - source: from requests.auth import HTTPDigestAuth
      style: secondary
      start: 0
      end: 40
    - source: |
        from requests.auth import HTTPDigestAuth
        basic = HTTPDigestAuth('user', '')
        requests.get('https://httpbin.org/basic-auth/user/pass', auth=basic)
      style: secondary
      start: 0
      end: 145
  ? |
    from requests.auth import HTTPProxyAuth
    asd = ''
    basic = HTTPProxyAuth('user', asd)
    requests.get('https://httpbin.org/basic-auth/user/pass', auth=basic)
  : labels:
    - source: HTTPProxyAuth('user', asd)
      style: primary
      start: 57
      end: 83
    - source: HTTPProxyAuth
      style: secondary
      start: 57
      end: 70
    - source: user
      style: secondary
      start: 72
      end: 76
    - source: '''user'''
      style: secondary
      start: 71
      end: 77
    - source: asd
      style: secondary
      start: 79
      end: 82
    - source: ('user', asd)
      style: secondary
      start: 70
      end: 83
    - source: from requests.auth import HTTPProxyAuth
      style: secondary
      start: 0
      end: 39
    - source: |
        from requests.auth import HTTPProxyAuth
        asd = ''
        basic = HTTPProxyAuth('user', asd)
        requests.get('https://httpbin.org/basic-auth/user/pass', auth=basic)
      style: secondary
      start: 0
      end: 153
    - source: asd
      style: secondary
      start: 40
      end: 43
    - source: ''''''
      style: secondary
      start: 46
      end: 48
    - source: asd = ''
      style: secondary
      start: 40
      end: 48
    - source: asd = ''
      style: secondary
      start: 40
      end: 48
    - source: basic = HTTPProxyAuth('user', asd)
      style: secondary
      start: 49
      end: 83
  ? |
    from requests.auth import HTTPProxyAuth
    basic = HTTPProxyAuth('user', '')
    requests.get('https://httpbin.org/basic-auth/user/pass', auth=basic)
  : labels:
    - source: HTTPProxyAuth('user', '')
      style: primary
      start: 48
      end: 73
    - source: HTTPProxyAuth
      style: secondary
      start: 48
      end: 61
    - source: user
      style: secondary
      start: 63
      end: 67
    - source: '''user'''
      style: secondary
      start: 62
      end: 68
    - source: ''''''
      style: secondary
      start: 70
      end: 72
    - source: ('user', '')
      style: secondary
      start: 61
      end: 73
    - source: from requests.auth import HTTPProxyAuth
      style: secondary
      start: 0
      end: 39
    - source: |
        from requests.auth import HTTPProxyAuth
        basic = HTTPProxyAuth('user', '')
        requests.get('https://httpbin.org/basic-auth/user/pass', auth=basic)
      style: secondary
      start: 0
      end: 143
