id: python-pg8000-empty-password-python
snapshots:
  ? |
    from pg8000.dbapi import connect
    pswd1 = ""
    conn = connect(user="postgres", password=pswd1)
  : labels:
    - source: connect(user="postgres", password=pswd1)
      style: primary
      start: 51
      end: 91
    - source: connect
      style: secondary
      start: 51
      end: 58
    - source: password
      style: secondary
      start: 76
      end: 84
    - source: pswd1
      style: secondary
      start: 85
      end: 90
    - source: password=pswd1
      style: secondary
      start: 76
      end: 90
    - source: (user="postgres", password=pswd1)
      style: secondary
      start: 58
      end: 91
    - source: from pg8000.dbapi import connect
      style: secondary
      start: 0
      end: 32
    - source: |
        from pg8000.dbapi import connect
        pswd1 = ""
        conn = connect(user="postgres", password=pswd1)
      style: secondary
      start: 0
      end: 92
    - source: pswd1
      style: secondary
      start: 33
      end: 38
    - source: '""'
      style: secondary
      start: 41
      end: 43
    - source: pswd1 = ""
      style: secondary
      start: 33
      end: 43
    - source: pswd1 = ""
      style: secondary
      start: 33
      end: 43
    - source: conn = connect(user="postgres", password=pswd1)
      style: secondary
      start: 44
      end: 91
  ? |
    import pg8000.dbapi
    conn = pg8000.dbapi.connect(user="postgres", password="")
  : labels:
    - source: pg8000.dbapi.connect(user="postgres", password="")
      style: primary
      start: 27
      end: 77
    - source: pg8000.dbapi.connect
      style: secondary
      start: 27
      end: 47
    - source: password
      style: secondary
      start: 65
      end: 73
    - source: '""'
      style: secondary
      start: 74
      end: 76
    - source: password=""
      style: secondary
      start: 65
      end: 76
    - source: (user="postgres", password="")
      style: secondary
      start: 47
      end: 77
  ? |
    import pg8000.native
    c = pg8000.native.Connection(user, database=dbname, password="", **params)
  : labels:
    - source: pg8000.native.Connection(user, database=dbname, password="", **params)
      style: primary
      start: 25
      end: 95
    - source: pg8000.native.Connection
      style: secondary
      start: 25
      end: 49
    - source: password
      style: secondary
      start: 73
      end: 81
    - source: '""'
      style: secondary
      start: 82
      end: 84
    - source: password=""
      style: secondary
      start: 73
      end: 84
    - source: (user, database=dbname, password="", **params)
      style: secondary
      start: 49
      end: 95
  ? |
    import pg8000.native as pg_connect
    pswd2 = ""
    c = pg_connect.Connection(user, database=dbname, password=pswd2, **params)
  : labels:
    - source: pg_connect.Connection(user, database=dbname, password=pswd2, **params)
      style: primary
      start: 50
      end: 120
    - source: pg_connect
      style: secondary
      start: 50
      end: 60
    - source: Connection
      style: secondary
      start: 61
      end: 71
    - source: pg_connect.Connection
      style: secondary
      start: 50
      end: 71
    - source: password
      style: secondary
      start: 95
      end: 103
    - source: pswd2
      style: secondary
      start: 104
      end: 109
    - source: password=pswd2
      style: secondary
      start: 95
      end: 109
    - source: (user, database=dbname, password=pswd2, **params)
      style: secondary
      start: 71
      end: 120
    - source: pg8000.native
      style: secondary
      start: 7
      end: 20
    - source: pg_connect
      style: secondary
      start: 24
      end: 34
    - source: pg8000.native as pg_connect
      style: secondary
      start: 7
      end: 34
    - source: import pg8000.native as pg_connect
      style: secondary
      start: 0
      end: 34
    - source: |
        import pg8000.native as pg_connect
        pswd2 = ""
        c = pg_connect.Connection(user, database=dbname, password=pswd2, **params)
      style: secondary
      start: 0
      end: 121
    - source: pswd2
      style: secondary
      start: 35
      end: 40
    - source: '""'
      style: secondary
      start: 43
      end: 45
    - source: pswd2 = ""
      style: secondary
      start: 35
      end: 45
    - source: pswd2 = ""
      style: secondary
      start: 35
      end: 45
    - source: c = pg_connect.Connection(user, database=dbname, password=pswd2, **params)
      style: secondary
      start: 46
      end: 120
