id: python-mysqlclient-empty-password-python
snapshots:
  ? |
    from MySQLdb import _mysql
    db = MySQLdb._mysql.connect('', '', "", '')
  : labels:
    - source: MySQLdb._mysql.connect('', '', "", '')
      style: primary
      start: 32
      end: 70
    - source: MySQLdb._mysql.connect
      style: secondary
      start: 32
      end: 54
    - source: '"'
      style: secondary
      start: 63
      end: 64
    - source: '"'
      style: secondary
      start: 64
      end: 65
    - source: '""'
      style: secondary
      start: 63
      end: 65
    - source: ('', '', "", '')
      style: secondary
      start: 54
      end: 70
  ? |
    from MySQLdb import _mysql
    db = _mysql.connect(
    host=FLAGS.host, user=FLAGS.user, passwd="", db=FLAGS.db
    )
  : labels:
    - source: |-
        _mysql.connect(
        host=FLAGS.host, user=FLAGS.user, passwd="", db=FLAGS.db
        )
      style: primary
      start: 32
      end: 106
    - source: MySQLdb
      style: secondary
      start: 5
      end: 12
    - source: _mysql
      style: secondary
      start: 20
      end: 26
    - source: from MySQLdb import _mysql
      style: secondary
      start: 0
      end: 26
    - source: from MySQLdb import _mysql
      style: secondary
      start: 0
      end: 26
    - source: _mysql.connect
      style: secondary
      start: 32
      end: 46
    - source: passwd
      style: secondary
      start: 82
      end: 88
    - source: '"'
      style: secondary
      start: 89
      end: 90
    - source: '"'
      style: secondary
      start: 90
      end: 91
    - source: '""'
      style: secondary
      start: 89
      end: 91
    - source: passwd=""
      style: secondary
      start: 82
      end: 91
    - source: |-
        (
        host=FLAGS.host, user=FLAGS.user, passwd="", db=FLAGS.db
        )
      style: secondary
      start: 46
      end: 106
  ? |
    from MySQLdb import _mysql as mysql
    db = mysql.connect(
      host=FLAGS.host, user=FLAGS.user, passwd="", db=FLAGS.db
    )
  : labels:
    - source: |-
        mysql.connect(
          host=FLAGS.host, user=FLAGS.user, passwd="", db=FLAGS.db
        )
      style: primary
      start: 41
      end: 116
    - source: MySQLdb
      style: secondary
      start: 5
      end: 12
    - source: _mysql
      style: secondary
      start: 20
      end: 26
    - source: mysql
      style: secondary
      start: 30
      end: 35
    - source: _mysql as mysql
      style: secondary
      start: 20
      end: 35
    - source: from MySQLdb import _mysql as mysql
      style: secondary
      start: 0
      end: 35
    - source: from MySQLdb import _mysql as mysql
      style: secondary
      start: 0
      end: 35
    - source: mysql.connect
      style: secondary
      start: 41
      end: 54
    - source: passwd
      style: secondary
      start: 92
      end: 98
    - source: '"'
      style: secondary
      start: 99
      end: 100
    - source: '"'
      style: secondary
      start: 100
      end: 101
    - source: '""'
      style: secondary
      start: 99
      end: 101
    - source: passwd=""
      style: secondary
      start: 92
      end: 101
    - source: |-
        (
          host=FLAGS.host, user=FLAGS.user, passwd="", db=FLAGS.db
        )
      style: secondary
      start: 54
      end: 116
  ? |
    from MySQLdb import _mysql as mysql
    db = mysql.connect("MYSQL_HOST", "MYSQL_USER", "", "MYSQL_DATABASE")
  : labels:
    - source: mysql.connect("MYSQL_HOST", "MYSQL_USER", "", "MYSQL_DATABASE")
      style: primary
      start: 41
      end: 104
    - source: MySQLdb
      style: secondary
      start: 5
      end: 12
    - source: _mysql
      style: secondary
      start: 20
      end: 26
    - source: mysql
      style: secondary
      start: 30
      end: 35
    - source: _mysql as mysql
      style: secondary
      start: 20
      end: 35
    - source: from MySQLdb import _mysql as mysql
      style: secondary
      start: 0
      end: 35
    - source: from MySQLdb import _mysql as mysql
      style: secondary
      start: 0
      end: 35
    - source: mysql.connect
      style: secondary
      start: 41
      end: 54
    - source: '"'
      style: secondary
      start: 83
      end: 84
    - source: '"'
      style: secondary
      start: 84
      end: 85
    - source: '""'
      style: secondary
      start: 83
      end: 85
    - source: ("MYSQL_HOST", "MYSQL_USER", "", "MYSQL_DATABASE")
      style: secondary
      start: 54
      end: 104
  ? |
    import MySQLdb
    db = MySQLdb.Connection(host="127.0.0.1", user="root", passwd="", db="business")
  : labels:
    - source: MySQLdb.Connection(host="127.0.0.1", user="root", passwd="", db="business")
      style: primary
      start: 20
      end: 95
    - source: MySQLdb.Connection
      style: secondary
      start: 20
      end: 38
    - source: passwd
      style: secondary
      start: 70
      end: 76
    - source: '"'
      style: secondary
      start: 77
      end: 78
    - source: '"'
      style: secondary
      start: 78
      end: 79
    - source: '""'
      style: secondary
      start: 77
      end: 79
    - source: passwd=""
      style: secondary
      start: 70
      end: 79
    - source: (host="127.0.0.1", user="root", passwd="", db="business")
      style: secondary
      start: 38
      end: 95
  ? |
    import MySQLdb as myalias
    conn = myalias.Connection('127.0.0.1', 'root', '', 'mail')
  : labels:
    - source: myalias.Connection('127.0.0.1', 'root', '', 'mail')
      style: primary
      start: 33
      end: 84
    - source: MySQLdb
      style: secondary
      start: 7
      end: 14
    - source: myalias
      style: secondary
      start: 18
      end: 25
    - source: MySQLdb as myalias
      style: secondary
      start: 7
      end: 25
    - source: import MySQLdb as myalias
      style: secondary
      start: 0
      end: 25
    - source: import MySQLdb as myalias
      style: secondary
      start: 0
      end: 25
    - source: myalias.Connection
      style: secondary
      start: 33
      end: 51
    - source: ''''
      style: secondary
      start: 73
      end: 74
    - source: ''''
      style: secondary
      start: 74
      end: 75
    - source: ''''''
      style: secondary
      start: 73
      end: 75
    - source: ('127.0.0.1', 'root', '', 'mail')
      style: secondary
      start: 51
      end: 84
  ? |
    import MySQLdb as myalias
    db = myalias.connect(host="host", user="username", passwd="", db="dbname")
  : labels:
    - source: myalias.connect(host="host", user="username", passwd="", db="dbname")
      style: primary
      start: 31
      end: 100
    - source: MySQLdb
      style: secondary
      start: 7
      end: 14
    - source: myalias
      style: secondary
      start: 18
      end: 25
    - source: MySQLdb as myalias
      style: secondary
      start: 7
      end: 25
    - source: import MySQLdb as myalias
      style: secondary
      start: 0
      end: 25
    - source: import MySQLdb as myalias
      style: secondary
      start: 0
      end: 25
    - source: myalias.connect
      style: secondary
      start: 31
      end: 46
    - source: passwd
      style: secondary
      start: 77
      end: 83
    - source: '"'
      style: secondary
      start: 84
      end: 85
    - source: '"'
      style: secondary
      start: 85
      end: 86
    - source: '""'
      style: secondary
      start: 84
      end: 86
    - source: passwd=""
      style: secondary
      start: 77
      end: 86
    - source: (host="host", user="username", passwd="", db="dbname")
      style: secondary
      start: 46
      end: 100
