id: python-pymssql-hardcoded-secret-python
snapshots:
  ? |
    conn1 = pymssql.connect(
    server='SQL01',
    user='user',
    password='password',
    database='mydatabase',
    )
  : labels:
    - source: |-
        pymssql.connect(
        server='SQL01',
        user='user',
        password='password',
        database='mydatabase',
        )
      style: primary
      start: 8
      end: 99
    - source: pymssql
      style: secondary
      start: 8
      end: 15
    - source: connect
      style: secondary
      start: 16
      end: 23
    - source: pymssql.connect
      style: secondary
      start: 8
      end: 23
    - source: server='SQL01'
      style: secondary
      start: 25
      end: 39
    - source: server='SQL01'
      style: secondary
      start: 25
      end: 39
    - source: password
      style: secondary
      start: 54
      end: 62
    - source: ''''
      style: secondary
      start: 63
      end: 64
    - source: password
      style: secondary
      start: 64
      end: 72
    - source: ''''
      style: secondary
      start: 72
      end: 73
    - source: '''password'''
      style: secondary
      start: 63
      end: 73
    - source: password='password'
      style: secondary
      start: 54
      end: 73
    - source: server='SQL01'
      style: secondary
      start: 25
      end: 39
    - source: |-
        (
        server='SQL01',
        user='user',
        password='password',
        database='mydatabase',
        )
      style: secondary
      start: 23
      end: 99
    - source: |-
        conn1 = pymssql.connect(
        server='SQL01',
        user='user',
        password='password',
        database='mydatabase',
        )
      style: secondary
      start: 0
      end: 99
  ? |
    import os
    import pymssql
    from pymssql import _mssql
    conn2 = _mssql.connect(
    server='SQL01',
    user='user',
    password='password',
    database='mydatabase'
    )
  : labels:
    - source: |-
        _mssql.connect(
        server='SQL01',
        user='user',
        password='password',
        database='mydatabase'
        )
      style: primary
      start: 60
      end: 149
    - source: _mssql
      style: secondary
      start: 60
      end: 66
    - source: connect
      style: secondary
      start: 67
      end: 74
    - source: _mssql.connect
      style: secondary
      start: 60
      end: 74
    - source: server='SQL01'
      style: secondary
      start: 76
      end: 90
    - source: server='SQL01'
      style: secondary
      start: 76
      end: 90
    - source: password
      style: secondary
      start: 105
      end: 113
    - source: ''''
      style: secondary
      start: 114
      end: 115
    - source: password
      style: secondary
      start: 115
      end: 123
    - source: ''''
      style: secondary
      start: 123
      end: 124
    - source: '''password'''
      style: secondary
      start: 114
      end: 124
    - source: password='password'
      style: secondary
      start: 105
      end: 124
    - source: server='SQL01'
      style: secondary
      start: 76
      end: 90
    - source: |-
        (
        server='SQL01',
        user='user',
        password='password',
        database='mydatabase'
        )
      style: secondary
      start: 74
      end: 149
    - source: pymssql
      style: secondary
      start: 30
      end: 37
    - source: pymssql
      style: secondary
      start: 30
      end: 37
    - source: _mssql
      style: secondary
      start: 45
      end: 51
    - source: _mssql
      style: secondary
      start: 45
      end: 51
    - source: from pymssql import _mssql
      style: secondary
      start: 25
      end: 51
    - source: |-
        conn2 = _mssql.connect(
        server='SQL01',
        user='user',
        password='password',
        database='mydatabase'
        )
      style: secondary
      start: 52
      end: 149
  ? "import os\nimport pymssql\nfrom pymssql import _mssql\npswd = \"hardcoded\"\npswd2 = get_from_config()  \nconn3 = pymssql.connect(\nserver='SQL01',\nuser='user',\npassword=pswd,\ndatabase='mydatabase',\n)\n"
  : labels:
    - source: |-
        pymssql.connect(
        server='SQL01',
        user='user',
        password=pswd,
        database='mydatabase',
        )
      style: primary
      start: 107
      end: 192
    - source: pymssql
      style: secondary
      start: 107
      end: 114
    - source: connect
      style: secondary
      start: 115
      end: 122
    - source: pymssql.connect
      style: secondary
      start: 107
      end: 122
    - source: server='SQL01'
      style: secondary
      start: 124
      end: 138
    - source: server='SQL01'
      style: secondary
      start: 124
      end: 138
    - source: password
      style: secondary
      start: 153
      end: 161
    - source: pswd
      style: secondary
      start: 162
      end: 166
    - source: password=pswd
      style: secondary
      start: 153
      end: 166
    - source: server='SQL01'
      style: secondary
      start: 124
      end: 138
    - source: |-
        (
        server='SQL01',
        user='user',
        password=pswd,
        database='mydatabase',
        )
      style: secondary
      start: 122
      end: 192
    - source: pswd
      style: secondary
      start: 52
      end: 56
    - source: pswd = "hardcoded"
      style: secondary
      start: 52
      end: 70
    - source: '"'
      style: secondary
      start: 59
      end: 60
    - source: hardcoded
      style: secondary
      start: 60
      end: 69
    - source: '"'
      style: secondary
      start: 69
      end: 70
    - source: '"hardcoded"'
      style: secondary
      start: 59
      end: 70
    - source: pswd = "hardcoded"
      style: secondary
      start: 52
      end: 70
    - source: |-
        conn3 = pymssql.connect(
        server='SQL01',
        user='user',
        password=pswd,
        database='mydatabase',
        )
      style: secondary
      start: 99
      end: 192
