id: python-mysql-hardcoded-secret-python
snapshots:
  ? |
    import mysql.connector
    conn = mysql.connector.connect(username="abcz", passwd="abc")
  : labels:
    - source: mysql.connector.connect(username="abcz", passwd="abc")
      style: primary
      start: 30
      end: 84
    - source: mysql.connector
      style: secondary
      start: 7
      end: 22
    - source: import mysql.connector
      style: secondary
      start: 0
      end: 22
    - source: import mysql.connector
      style: secondary
      start: 0
      end: 22
    - source: passwd
      style: secondary
      start: 71
      end: 77
    - source: '"'
      style: secondary
      start: 78
      end: 79
    - source: abc
      style: secondary
      start: 79
      end: 82
    - source: '"'
      style: secondary
      start: 82
      end: 83
    - source: '"abc"'
      style: secondary
      start: 78
      end: 83
    - source: passwd="abc"
      style: secondary
      start: 71
      end: 83
    - source: (username="abcz", passwd="abc")
      style: secondary
      start: 53
      end: 84
    - source: mysql.connector.connect
      style: secondary
      start: 30
      end: 53
  ? |
    import mysql.connector as mysql123
    def my_function():
      mysql123.connect(host="localhost",user="root",passwd="abc",database="aaa")
  : labels:
    - source: mysql123.connect(host="localhost",user="root",passwd="abc",database="aaa")
      style: primary
      start: 56
      end: 130
    - source: mysql.connector
      style: secondary
      start: 7
      end: 22
    - source: mysql123
      style: secondary
      start: 26
      end: 34
    - source: mysql.connector as mysql123
      style: secondary
      start: 7
      end: 34
    - source: import mysql.connector as mysql123
      style: secondary
      start: 0
      end: 34
    - source: import mysql.connector as mysql123
      style: secondary
      start: 0
      end: 34
    - source: passwd
      style: secondary
      start: 102
      end: 108
    - source: '"'
      style: secondary
      start: 109
      end: 110
    - source: abc
      style: secondary
      start: 110
      end: 113
    - source: '"'
      style: secondary
      start: 113
      end: 114
    - source: '"abc"'
      style: secondary
      start: 109
      end: 114
    - source: passwd="abc"
      style: secondary
      start: 102
      end: 114
    - source: (host="localhost",user="root",passwd="abc",database="aaa")
      style: secondary
      start: 72
      end: 130
    - source: mysql123.connect
      style: secondary
      start: 56
      end: 72
