id: python-psycopg2-empty-password-python
snapshots:
  ? |
    PASSWORD = ""
    psycopg2.connect(password=PASSWORD)
  : labels:
    - source: psycopg2.connect(password=PASSWORD)
      style: primary
      start: 14
      end: 49
    - source: psycopg2.connect
      style: secondary
      start: 14
      end: 30
    - source: password
      style: secondary
      start: 31
      end: 39
    - source: PASSWORD
      style: secondary
      start: 40
      end: 48
    - source: password=PASSWORD
      style: secondary
      start: 31
      end: 48
    - source: (password=PASSWORD)
      style: secondary
      start: 30
      end: 49
    - source: PASSWORD
      style: secondary
      start: 0
      end: 8
    - source: '""'
      style: secondary
      start: 11
      end: 13
    - source: PASSWORD = ""
      style: secondary
      start: 0
      end: 13
    - source: PASSWORD = ""
      style: secondary
      start: 0
      end: 13
    - source: psycopg2.connect(password=PASSWORD)
      style: secondary
      start: 14
      end: 49
  ? |
    psycopg2.connect(password="")
  : labels:
    - source: psycopg2.connect(password="")
      style: primary
      start: 0
      end: 29
    - source: psycopg2.connect
      style: secondary
      start: 0
      end: 16
    - source: password
      style: secondary
      start: 17
      end: 25
    - source: '""'
      style: secondary
      start: 26
      end: 28
    - source: password=""
      style: secondary
      start: 17
      end: 28
    - source: (password="")
      style: secondary
      start: 16
      end: 29
