id: python-webrepl-hardcoded-secret-python
snapshots:
  ? |
    PASSWORD2 = "hardcodedsecret"
    webrepl.start(password=PASSWORD2)
  : labels:
    - source: webrepl.start(password=PASSWORD2)
      style: primary
      start: 30
      end: 63
    - source: webrepl
      style: secondary
      start: 30
      end: 37
    - source: start
      style: secondary
      start: 38
      end: 43
    - source: webrepl.start
      style: secondary
      start: 30
      end: 43
    - source: password
      style: secondary
      start: 44
      end: 52
    - source: PASSWORD2
      style: secondary
      start: 53
      end: 62
    - source: password=PASSWORD2
      style: secondary
      start: 44
      end: 62
    - source: (password=PASSWORD2)
      style: secondary
      start: 43
      end: 63
    - source: PASSWORD2
      style: secondary
      start: 0
      end: 9
    - source: '"'
      style: secondary
      start: 12
      end: 13
    - source: hardcodedsecret
      style: secondary
      start: 13
      end: 28
    - source: '"'
      style: secondary
      start: 28
      end: 29
    - source: '"hardcodedsecret"'
      style: secondary
      start: 12
      end: 29
    - source: PASSWORD2 = "hardcodedsecret"
      style: secondary
      start: 0
      end: 29
    - source: PASSWORD2 = "hardcodedsecret"
      style: secondary
      start: 0
      end: 29
    - source: webrepl.start(password=PASSWORD2)
      style: secondary
      start: 30
      end: 63
  ? |
    webrepl.start(password="12345")
  : labels:
    - source: webrepl.start(password="12345")
      style: primary
      start: 0
      end: 31
    - source: webrepl
      style: secondary
      start: 0
      end: 7
    - source: start
      style: secondary
      start: 8
      end: 13
    - source: webrepl.start
      style: secondary
      start: 0
      end: 13
    - source: password
      style: secondary
      start: 14
      end: 22
    - source: '"'
      style: secondary
      start: 23
      end: 24
    - source: '12345'
      style: secondary
      start: 24
      end: 29
    - source: '"'
      style: secondary
      start: 29
      end: 30
    - source: '"12345"'
      style: secondary
      start: 23
      end: 30
    - source: password="12345"
      style: secondary
      start: 14
      end: 30
    - source: (password="12345")
      style: secondary
      start: 13
      end: 31
    - source: webrepl.start(password="12345")
      style: secondary
      start: 0
      end: 31
  ? |
    webrepl.start(password="mypassword")
  : labels:
    - source: webrepl.start(password="mypassword")
      style: primary
      start: 0
      end: 36
    - source: webrepl
      style: secondary
      start: 0
      end: 7
    - source: start
      style: secondary
      start: 8
      end: 13
    - source: webrepl.start
      style: secondary
      start: 0
      end: 13
    - source: password
      style: secondary
      start: 14
      end: 22
    - source: '"'
      style: secondary
      start: 23
      end: 24
    - source: mypassword
      style: secondary
      start: 24
      end: 34
    - source: '"'
      style: secondary
      start: 34
      end: 35
    - source: '"mypassword"'
      style: secondary
      start: 23
      end: 35
    - source: password="mypassword"
      style: secondary
      start: 14
      end: 35
    - source: (password="mypassword")
      style: secondary
      start: 13
      end: 36
    - source: webrepl.start(password="mypassword")
      style: secondary
      start: 0
      end: 36
