id: python-ldap3-hardcoded-secret-python
snapshots:
  ? |
    ldap3.Connection(password="notreal")
  : labels:
    - source: ldap3.Connection(password="notreal")
      style: primary
      start: 0
      end: 36
    - source: '"'
      style: secondary
      start: 26
      end: 27
    - source: notreal
      style: secondary
      start: 27
      end: 34
    - source: '"'
      style: secondary
      start: 34
      end: 35
