id: python-neo4j-hardcoded-secret-auth-python
snapshots:
  ? |
    auth=basic_auth("neo4j", "password")
  : labels:
    - source: basic_auth("neo4j", "password")
      style: primary
      start: 5
      end: 36
    - source: basic_auth
      style: secondary
      start: 5
      end: 15
    - source: '"'
      style: secondary
      start: 25
      end: 26
    - source: password
      style: secondary
      start: 26
      end: 34
    - source: '"'
      style: secondary
      start: 34
      end: 35
    - source: '"password"'
      style: secondary
      start: 25
      end: 35
    - source: ("neo4j", "password")
      style: secondary
      start: 15
      end: 36
  ? |
    driver = AsyncGraphDatabase.driver(url, auth=custom_auth(username, "password")
  : labels:
    - source: custom_auth(username, "password")
      style: primary
      start: 45
      end: 78
    - source: custom_auth
      style: secondary
      start: 45
      end: 56
    - source: '"'
      style: secondary
      start: 67
      end: 68
    - source: password
      style: secondary
      start: 68
      end: 76
    - source: '"'
      style: secondary
      start: 76
      end: 77
    - source: '"password"'
      style: secondary
      start: 67
      end: 77
    - source: (username, "password")
      style: secondary
      start: 56
      end: 78
  ? |
    driver = GraphDatabase.driver(uri, auth=bearer_auth("password"))
  : labels:
    - source: bearer_auth("password")
      style: primary
      start: 40
      end: 63
    - source: bearer_auth
      style: secondary
      start: 40
      end: 51
    - source: '"'
      style: secondary
      start: 52
      end: 53
    - source: password
      style: secondary
      start: 53
      end: 61
    - source: '"'
      style: secondary
      start: 61
      end: 62
    - source: '"password"'
      style: secondary
      start: 52
      end: 62
    - source: ("password")
      style: secondary
      start: 51
      end: 63
  ? |
    driver = GraphDatabase.driver(uri, auth=kerberos_auth("password"))
  : labels:
    - source: kerberos_auth("password")
      style: primary
      start: 40
      end: 65
    - source: kerberos_auth
      style: secondary
      start: 40
      end: 53
    - source: '"'
      style: secondary
      start: 54
      end: 55
    - source: password
      style: secondary
      start: 55
      end: 63
    - source: '"'
      style: secondary
      start: 63
      end: 64
    - source: '"password"'
      style: secondary
      start: 54
      end: 64
    - source: ("password")
      style: secondary
      start: 53
      end: 65
  ? |
    from neo4j import (basic_auth as abc, kerberos_auth as def, bearer_auth as ghi, custom_auth as ljk, AsyncGraphDatabase)
    auth=abc("neo4j", "password")
  : labels:
    - source: abc("neo4j", "password")
      style: primary
      start: 125
      end: 149
    - source: neo4j
      style: secondary
      start: 5
      end: 10
    - source: basic_auth
      style: secondary
      start: 19
      end: 29
    - source: abc
      style: secondary
      start: 33
      end: 36
    - source: basic_auth as abc
      style: secondary
      start: 19
      end: 36
    - source: from neo4j import (basic_auth as abc, kerberos_auth as def, bearer_auth as ghi, custom_auth as ljk, AsyncGraphDatabase)
      style: secondary
      start: 0
      end: 119
    - source: from neo4j import (basic_auth as abc, kerberos_auth as def, bearer_auth as ghi, custom_auth as ljk, AsyncGraphDatabase)
      style: secondary
      start: 0
      end: 119
    - source: abc
      style: secondary
      start: 125
      end: 128
    - source: '"'
      style: secondary
      start: 138
      end: 139
    - source: password
      style: secondary
      start: 139
      end: 147
    - source: '"'
      style: secondary
      start: 147
      end: 148
    - source: '"password"'
      style: secondary
      start: 138
      end: 148
    - source: ("neo4j", "password")
      style: secondary
      start: 128
      end: 149
  ? |
    from neo4j import (basic_auth as abc, kerberos_auth as def, bearer_auth as ghi, custom_auth as ljk, AsyncGraphDatabase)
    driver = AsyncGraphDatabase.driver(url, auth=ljk(username, "password"))
  : labels:
    - source: ljk(username, "password")
      style: primary
      start: 165
      end: 190
    - source: neo4j
      style: secondary
      start: 5
      end: 10
    - source: custom_auth
      style: secondary
      start: 80
      end: 91
    - source: ljk
      style: secondary
      start: 95
      end: 98
    - source: custom_auth as ljk
      style: secondary
      start: 80
      end: 98
    - source: from neo4j import (basic_auth as abc, kerberos_auth as def, bearer_auth as ghi, custom_auth as ljk, AsyncGraphDatabase)
      style: secondary
      start: 0
      end: 119
    - source: from neo4j import (basic_auth as abc, kerberos_auth as def, bearer_auth as ghi, custom_auth as ljk, AsyncGraphDatabase)
      style: secondary
      start: 0
      end: 119
    - source: ljk
      style: secondary
      start: 165
      end: 168
    - source: '"'
      style: secondary
      start: 179
      end: 180
    - source: password
      style: secondary
      start: 180
      end: 188
    - source: '"'
      style: secondary
      start: 188
      end: 189
    - source: '"password"'
      style: secondary
      start: 179
      end: 189
    - source: (username, "password")
      style: secondary
      start: 168
      end: 190
  ? |
    from neo4j import (basic_auth as abc, kerberos_auth as def, bearer_auth as ghi, custom_auth as ljk, AsyncGraphDatabase)
    driver = GraphDatabase.driver(uri, auth=def("password"))
  : labels:
    - source: def("password")
      style: primary
      start: 160
      end: 175
    - source: neo4j
      style: secondary
      start: 5
      end: 10
    - source: kerberos_auth
      style: secondary
      start: 38
      end: 51
    - source: def
      style: secondary
      start: 55
      end: 58
    - source: kerberos_auth as def
      style: secondary
      start: 38
      end: 58
    - source: from neo4j import (basic_auth as abc, kerberos_auth as def, bearer_auth as ghi, custom_auth as ljk, AsyncGraphDatabase)
      style: secondary
      start: 0
      end: 119
    - source: from neo4j import (basic_auth as abc, kerberos_auth as def, bearer_auth as ghi, custom_auth as ljk, AsyncGraphDatabase)
      style: secondary
      start: 0
      end: 119
    - source: def
      style: secondary
      start: 160
      end: 163
    - source: '"'
      style: secondary
      start: 164
      end: 165
    - source: password
      style: secondary
      start: 165
      end: 173
    - source: '"'
      style: secondary
      start: 173
      end: 174
    - source: '"password"'
      style: secondary
      start: 164
      end: 174
    - source: ("password")
      style: secondary
      start: 163
      end: 175
  ? |
    from neo4j import (basic_auth as abc, kerberos_auth as def, bearer_auth as ghi, custom_auth as ljk, AsyncGraphDatabase)
    driver = GraphDatabase.driver(uri, auth=ghi("password"))
  : labels:
    - source: ghi("password")
      style: primary
      start: 160
      end: 175
    - source: neo4j
      style: secondary
      start: 5
      end: 10
    - source: bearer_auth
      style: secondary
      start: 60
      end: 71
    - source: ghi
      style: secondary
      start: 75
      end: 78
    - source: bearer_auth as ghi
      style: secondary
      start: 60
      end: 78
    - source: from neo4j import (basic_auth as abc, kerberos_auth as def, bearer_auth as ghi, custom_auth as ljk, AsyncGraphDatabase)
      style: secondary
      start: 0
      end: 119
    - source: from neo4j import (basic_auth as abc, kerberos_auth as def, bearer_auth as ghi, custom_auth as ljk, AsyncGraphDatabase)
      style: secondary
      start: 0
      end: 119
    - source: ghi
      style: secondary
      start: 160
      end: 163
    - source: '"'
      style: secondary
      start: 164
      end: 165
    - source: password
      style: secondary
      start: 165
      end: 173
    - source: '"'
      style: secondary
      start: 173
      end: 174
    - source: '"password"'
      style: secondary
      start: 164
      end: 174
    - source: ("password")
      style: secondary
      start: 163
      end: 175
