id: python-pg8000-hardcoded-secret-python
snapshots:
  ? |
    from pg8000.dbapi import connect
    pswd1 = "password"
    conn = connect(user="postgres", password=pswd1)
  : labels:
    - source: connect(user="postgres", password=pswd1)
      style: primary
      start: 59
      end: 99
    - source: connect
      style: secondary
      start: 59
      end: 66
    - source: password
      style: secondary
      start: 84
      end: 92
    - source: pswd1
      style: secondary
      start: 93
      end: 98
    - source: password=pswd1
      style: secondary
      start: 84
      end: 98
    - source: (user="postgres", password=pswd1)
      style: secondary
      start: 66
      end: 99
    - source: from pg8000.dbapi import connect
      style: secondary
      start: 0
      end: 32
    - source: |
        from pg8000.dbapi import connect
        pswd1 = "password"
        conn = connect(user="postgres", password=pswd1)
      style: secondary
      start: 0
      end: 100
    - source: pswd1
      style: secondary
      start: 33
      end: 38
    - source: password
      style: secondary
      start: 42
      end: 50
    - source: '"password"'
      style: secondary
      start: 41
      end: 51
    - source: pswd1 = "password"
      style: secondary
      start: 33
      end: 51
    - source: pswd1 = "password"
      style: secondary
      start: 33
      end: 51
    - source: conn = connect(user="postgres", password=pswd1)
      style: secondary
      start: 52
      end: 99
  ? |
    import pg8000.dbapi
    conn = pg8000.dbapi.connect(user="postgres", password="password")
  : labels:
    - source: pg8000.dbapi.connect(user="postgres", password="password")
      style: primary
      start: 27
      end: 85
    - source: pg8000.dbapi.connect
      style: secondary
      start: 27
      end: 47
    - source: password
      style: secondary
      start: 65
      end: 73
    - source: password
      style: secondary
      start: 75
      end: 83
    - source: '"password"'
      style: secondary
      start: 74
      end: 84
    - source: password="password"
      style: secondary
      start: 65
      end: 84
    - source: (user="postgres", password="password")
      style: secondary
      start: 47
      end: 85
  ? |
    import pg8000.native
    c = pg8000.native.Connection(user, database=dbname, password="password", **params)
  : labels:
    - source: pg8000.native.Connection(user, database=dbname, password="password", **params)
      style: primary
      start: 25
      end: 103
    - source: pg8000.native.Connection
      style: secondary
      start: 25
      end: 49
    - source: password
      style: secondary
      start: 73
      end: 81
    - source: password
      style: secondary
      start: 83
      end: 91
    - source: '"password"'
      style: secondary
      start: 82
      end: 92
    - source: password="password"
      style: secondary
      start: 73
      end: 92
    - source: (user, database=dbname, password="password", **params)
      style: secondary
      start: 49
      end: 103
  ? |
    import pg8000.native as pg_connect
    pswd2 = "password"
    c = pg_connect.Connection(user, database=dbname, password=pswd2, **params)
  : labels:
    - source: pg_connect.Connection(user, database=dbname, password=pswd2, **params)
      style: primary
      start: 58
      end: 128
    - source: pg_connect
      style: secondary
      start: 58
      end: 68
    - source: Connection
      style: secondary
      start: 69
      end: 79
    - source: pg_connect.Connection
      style: secondary
      start: 58
      end: 79
    - source: password
      style: secondary
      start: 103
      end: 111
    - source: pswd2
      style: secondary
      start: 112
      end: 117
    - source: password=pswd2
      style: secondary
      start: 103
      end: 117
    - source: (user, database=dbname, password=pswd2, **params)
      style: secondary
      start: 79
      end: 128
    - source: pg8000.native
      style: secondary
      start: 7
      end: 20
    - source: pg_connect
      style: secondary
      start: 24
      end: 34
    - source: pg8000.native as pg_connect
      style: secondary
      start: 7
      end: 34
    - source: import pg8000.native as pg_connect
      style: secondary
      start: 0
      end: 34
    - source: |
        import pg8000.native as pg_connect
        pswd2 = "password"
        c = pg_connect.Connection(user, database=dbname, password=pswd2, **params)
      style: secondary
      start: 0
      end: 129
    - source: pswd2
      style: secondary
      start: 35
      end: 40
    - source: password
      style: secondary
      start: 44
      end: 52
    - source: '"password"'
      style: secondary
      start: 43
      end: 53
    - source: pswd2 = "password"
      style: secondary
      start: 35
      end: 53
    - source: pswd2 = "password"
      style: secondary
      start: 35
      end: 53
    - source: c = pg_connect.Connection(user, database=dbname, password=pswd2, **params)
      style: secondary
      start: 54
      end: 128
