id: python-pyjwt-hardcoded-secret-python
snapshots:
  ? |
    import os
    import jwt
    import jwt as lsadlsaldsa
    key = "secret"
    jwt.encode({"some": "payload"}, "123", algorithm="HS256")
  : labels:
    - source: 'jwt.encode({"some": "payload"}, "123", algorithm="HS256")'
      style: primary
      start: 62
      end: 119
    - source: jwt
      style: secondary
      start: 62
      end: 65
    - source: encode
      style: secondary
      start: 66
      end: 72
    - source: jwt.encode
      style: secondary
      start: 62
      end: 72
    - source: '"some"'
      style: secondary
      start: 74
      end: 80
    - source: '"payload"'
      style: secondary
      start: 82
      end: 91
    - source: '"some": "payload"'
      style: secondary
      start: 74
      end: 91
    - source: '{"some": "payload"}'
      style: secondary
      start: 73
      end: 92
    - source: '"'
      style: secondary
      start: 94
      end: 95
    - source: '123'
      style: secondary
      start: 95
      end: 98
    - source: '"'
      style: secondary
      start: 98
      end: 99
    - source: '"123"'
      style: secondary
      start: 94
      end: 99
    - source: algorithm
      style: secondary
      start: 101
      end: 110
    - source: '"'
      style: secondary
      start: 111
      end: 112
    - source: HS256
      style: secondary
      start: 112
      end: 117
    - source: '"'
      style: secondary
      start: 117
      end: 118
    - source: '"HS256"'
      style: secondary
      start: 111
      end: 118
    - source: algorithm="HS256"
      style: secondary
      start: 101
      end: 118
    - source: '({"some": "payload"}, "123", algorithm="HS256")'
      style: secondary
      start: 72
      end: 119
    - source: key
      style: secondary
      start: 47
      end: 50
    - source: key = "secret"
      style: secondary
      start: 47
      end: 61
    - source: '"'
      style: secondary
      start: 53
      end: 54
    - source: secret
      style: secondary
      start: 54
      end: 60
    - source: '"'
      style: secondary
      start: 60
      end: 61
    - source: '"secret"'
      style: secondary
      start: 53
      end: 61
    - source: key = "secret"
      style: secondary
      start: 47
      end: 61
    - source: 'jwt.encode({"some": "payload"}, "123", algorithm="HS256")'
      style: secondary
      start: 62
      end: 119
  ? |
    import os
    import jwt
    import jwt as lsadlsaldsa
    key = "secret"
    jwt.encode({"some": "payload"}, key, algorithm="HS256")
  : labels:
    - source: 'jwt.encode({"some": "payload"}, key, algorithm="HS256")'
      style: primary
      start: 62
      end: 117
    - source: jwt
      style: secondary
      start: 62
      end: 65
    - source: encode
      style: secondary
      start: 66
      end: 72
    - source: jwt.encode
      style: secondary
      start: 62
      end: 72
    - source: '"some"'
      style: secondary
      start: 74
      end: 80
    - source: '"payload"'
      style: secondary
      start: 82
      end: 91
    - source: '"some": "payload"'
      style: secondary
      start: 74
      end: 91
    - source: '{"some": "payload"}'
      style: secondary
      start: 73
      end: 92
    - source: key
      style: secondary
      start: 94
      end: 97
    - source: algorithm
      style: secondary
      start: 99
      end: 108
    - source: '"'
      style: secondary
      start: 109
      end: 110
    - source: HS256
      style: secondary
      start: 110
      end: 115
    - source: '"'
      style: secondary
      start: 115
      end: 116
    - source: '"HS256"'
      style: secondary
      start: 109
      end: 116
    - source: algorithm="HS256"
      style: secondary
      start: 99
      end: 116
    - source: '({"some": "payload"}, key, algorithm="HS256")'
      style: secondary
      start: 72
      end: 117
    - source: key
      style: secondary
      start: 47
      end: 50
    - source: key = "secret"
      style: secondary
      start: 47
      end: 61
    - source: '"'
      style: secondary
      start: 53
      end: 54
    - source: secret
      style: secondary
      start: 54
      end: 60
    - source: '"'
      style: secondary
      start: 60
      end: 61
    - source: '"secret"'
      style: secondary
      start: 53
      end: 61
    - source: key = "secret"
      style: secondary
      start: 47
      end: 61
    - source: 'jwt.encode({"some": "payload"}, key, algorithm="HS256")'
      style: secondary
      start: 62
      end: 117
  ? |
    import os
    import jwt
    import jwt as lsadlsaldsa
    key = "secret"
    lsadlsaldsa.encode({"some": "payload"}, "123", algorithm="HS256")
  : labels:
    - source: 'lsadlsaldsa.encode({"some": "payload"}, "123", algorithm="HS256")'
      style: primary
      start: 62
      end: 127
    - source: lsadlsaldsa
      style: secondary
      start: 62
      end: 73
    - source: encode
      style: secondary
      start: 74
      end: 80
    - source: lsadlsaldsa.encode
      style: secondary
      start: 62
      end: 80
    - source: '"some"'
      style: secondary
      start: 82
      end: 88
    - source: '"payload"'
      style: secondary
      start: 90
      end: 99
    - source: '"some": "payload"'
      style: secondary
      start: 82
      end: 99
    - source: '{"some": "payload"}'
      style: secondary
      start: 81
      end: 100
    - source: '"'
      style: secondary
      start: 82
      end: 83
    - source: some
      style: secondary
      start: 83
      end: 87
    - source: '"'
      style: secondary
      start: 87
      end: 88
    - source: '"some"'
      style: secondary
      start: 82
      end: 88
    - source: algorithm
      style: secondary
      start: 109
      end: 118
    - source: '"'
      style: secondary
      start: 119
      end: 120
    - source: HS256
      style: secondary
      start: 120
      end: 125
    - source: '"'
      style: secondary
      start: 125
      end: 126
    - source: '"HS256"'
      style: secondary
      start: 119
      end: 126
    - source: algorithm="HS256"
      style: secondary
      start: 109
      end: 126
    - source: '({"some": "payload"}, "123", algorithm="HS256")'
      style: secondary
      start: 80
      end: 127
    - source: jwt
      style: secondary
      start: 28
      end: 31
    - source: jwt
      style: secondary
      start: 28
      end: 31
    - source: lsadlsaldsa
      style: secondary
      start: 35
      end: 46
    - source: jwt as lsadlsaldsa
      style: secondary
      start: 28
      end: 46
    - source: import jwt as lsadlsaldsa
      style: secondary
      start: 21
      end: 46
    - source: 'lsadlsaldsa.encode({"some": "payload"}, "123", algorithm="HS256")'
      style: secondary
      start: 62
      end: 127
