id: python-psycopg2-hardcoded-secret-python
snapshots:
  ? |
    import psycopg2
    PASSWORD = "123"
    psycopg2.connect(password=PASSWORD)
  : labels:
    - source: psycopg2.connect(password=PASSWORD)
      style: primary
      start: 33
      end: 68
    - source: psycopg2.connect
      style: secondary
      start: 33
      end: 49
    - source: password
      style: secondary
      start: 50
      end: 58
    - source: PASSWORD
      style: secondary
      start: 59
      end: 67
    - source: password=PASSWORD
      style: secondary
      start: 50
      end: 67
    - source: (password=PASSWORD)
      style: secondary
      start: 49
      end: 68
    - source: PASSWORD
      style: secondary
      start: 16
      end: 24
    - source: '123'
      style: secondary
      start: 28
      end: 31
    - source: '"123"'
      style: secondary
      start: 27
      end: 32
    - source: PASSWORD = "123"
      style: secondary
      start: 16
      end: 32
    - source: PASSWORD = "123"
      style: secondary
      start: 16
      end: 32
    - source: psycopg2.connect(password=PASSWORD)
      style: secondary
      start: 33
      end: 68
  ? |
    import psycopg2
    psycopg2.connect(password="PASSWORD")
  : labels:
    - source: psycopg2.connect(password="PASSWORD")
      style: primary
      start: 16
      end: 53
    - source: psycopg2.connect
      style: secondary
      start: 16
      end: 32
    - source: password
      style: secondary
      start: 33
      end: 41
    - source: PASSWORD
      style: secondary
      start: 43
      end: 51
    - source: '"PASSWORD"'
      style: secondary
      start: 42
      end: 52
    - source: password="PASSWORD"
      style: secondary
      start: 33
      end: 52
    - source: (password="PASSWORD")
      style: secondary
      start: 32
      end: 53
