id: python-peewee-mysql-empty-password-python
snapshots:
  ? |
    database = MySQLDatabase()
    database.init('database_name', host='localhost', user='app', password='')
  : labels:
    - source: database.init('database_name', host='localhost', user='app', password='')
      style: primary
      start: 27
      end: 100
    - source: database
      style: secondary
      start: 27
      end: 35
    - source: init
      style: secondary
      start: 36
      end: 40
    - source: database.init
      style: secondary
      start: 27
      end: 40
    - source: password
      style: secondary
      start: 88
      end: 96
    - source: ''''''
      style: secondary
      start: 97
      end: 99
    - source: password=''
      style: secondary
      start: 88
      end: 99
    - source: ('database_name', host='localhost', user='app', password='')
      style: secondary
      start: 40
      end: 100
    - source: database
      style: secondary
      start: 0
      end: 8
    - source: MySQLDatabase()
      style: secondary
      start: 11
      end: 26
    - source: database = MySQLDatabase()
      style: secondary
      start: 0
      end: 26
    - source: database = MySQLDatabase()
      style: secondary
      start: 0
      end: 26
    - source: database.init('database_name', host='localhost', user='app', password='')
      style: secondary
      start: 27
      end: 100
  ? |
    database = MySQLDatabase()
    pswd = ""
    database.init('database_name', host='localhost', user='app', password=pswd)
  : labels:
    - source: database.init('database_name', host='localhost', user='app', password=pswd)
      style: primary
      start: 37
      end: 112
    - source: database
      style: secondary
      start: 37
      end: 45
    - source: init
      style: secondary
      start: 46
      end: 50
    - source: database.init
      style: secondary
      start: 37
      end: 50
    - source: password
      style: secondary
      start: 98
      end: 106
    - source: pswd
      style: secondary
      start: 107
      end: 111
    - source: password=pswd
      style: secondary
      start: 98
      end: 111
    - source: ('database_name', host='localhost', user='app', password=pswd)
      style: secondary
      start: 50
      end: 112
    - source: database
      style: secondary
      start: 0
      end: 8
    - source: MySQLDatabase()
      style: secondary
      start: 11
      end: 26
    - source: database = MySQLDatabase()
      style: secondary
      start: 0
      end: 26
    - source: database = MySQLDatabase()
      style: secondary
      start: 0
      end: 26
    - source: database.init('database_name', host='localhost', user='app', password=pswd)
      style: secondary
      start: 37
      end: 112
    - source: pswd
      style: secondary
      start: 27
      end: 31
    - source: '""'
      style: secondary
      start: 34
      end: 36
    - source: pswd = ""
      style: secondary
      start: 27
      end: 36
    - source: pswd = ""
      style: secondary
      start: 27
      end: 36
    - source: database.init('database_name', host='localhost', user='app', password=pswd)
      style: secondary
      start: 37
      end: 112
  ? "mysql_db1 = MySQLDatabase('my_app', user='app', password='', host='10.1.0.8', port=3306) \n"
  : labels:
    - source: MySQLDatabase('my_app', user='app', password='', host='10.1.0.8', port=3306)
      style: primary
      start: 12
      end: 88
    - source: MySQLDatabase
      style: secondary
      start: 12
      end: 25
    - source: password
      style: secondary
      start: 48
      end: 56
    - source: ''''''
      style: secondary
      start: 57
      end: 59
    - source: password=''
      style: secondary
      start: 48
      end: 59
    - source: ('my_app', user='app', password='', host='10.1.0.8', port=3306)
      style: secondary
      start: 25
      end: 88
  ? |
    pool = PooledMySQLDatabase('my_app', user='app', passwd='', host='10.1.0.9', port=5432)
  : labels:
    - source: PooledMySQLDatabase('my_app', user='app', passwd='', host='10.1.0.9', port=5432)
      style: primary
      start: 7
      end: 87
    - source: PooledMySQLDatabase
      style: secondary
      start: 7
      end: 26
    - source: passwd
      style: secondary
      start: 49
      end: 55
    - source: ''''''
      style: secondary
      start: 56
      end: 58
    - source: passwd=''
      style: secondary
      start: 49
      end: 58
    - source: ('my_app', user='app', passwd='', host='10.1.0.9', port=5432)
      style: secondary
      start: 26
      end: 87
  ? |
    pswd = ""
    my_db2 = MySQLDatabase('my_app', user='app', passwd=pswd, host='10.1.0.8', port=3306)
  : labels:
    - source: MySQLDatabase('my_app', user='app', passwd=pswd, host='10.1.0.8', port=3306)
      style: primary
      start: 19
      end: 95
    - source: MySQLDatabase
      style: secondary
      start: 19
      end: 32
    - source: passwd
      style: secondary
      start: 55
      end: 61
    - source: pswd
      style: secondary
      start: 62
      end: 66
    - source: passwd=pswd
      style: secondary
      start: 55
      end: 66
    - source: ('my_app', user='app', passwd=pswd, host='10.1.0.8', port=3306)
      style: secondary
      start: 32
      end: 95
    - source: pswd
      style: secondary
      start: 0
      end: 4
    - source: '""'
      style: secondary
      start: 7
      end: 9
    - source: pswd = ""
      style: secondary
      start: 0
      end: 9
    - source: pswd = ""
      style: secondary
      start: 0
      end: 9
    - source: my_db2 = MySQLDatabase('my_app', user='app', passwd=pswd, host='10.1.0.8', port=3306)
      style: secondary
      start: 10
      end: 95
  ? |
    pswd = ""
    my_db4 = MySQLConnectorDatabase('my_app', user='app', passwd=pswd, host='10.1.0.9', port=5432)
  : labels:
    - source: MySQLConnectorDatabase('my_app', user='app', passwd=pswd, host='10.1.0.9', port=5432)
      style: primary
      start: 19
      end: 104
    - source: MySQLConnectorDatabase
      style: secondary
      start: 19
      end: 41
    - source: passwd
      style: secondary
      start: 64
      end: 70
    - source: pswd
      style: secondary
      start: 71
      end: 75
    - source: passwd=pswd
      style: secondary
      start: 64
      end: 75
    - source: ('my_app', user='app', passwd=pswd, host='10.1.0.9', port=5432)
      style: secondary
      start: 41
      end: 104
    - source: pswd
      style: secondary
      start: 0
      end: 4
    - source: '""'
      style: secondary
      start: 7
      end: 9
    - source: pswd = ""
      style: secondary
      start: 0
      end: 9
    - source: pswd = ""
      style: secondary
      start: 0
      end: 9
    - source: my_db4 = MySQLConnectorDatabase('my_app', user='app', passwd=pswd, host='10.1.0.9', port=5432)
      style: secondary
      start: 10
      end: 104
