id: python-pymssql-empty-password-python
snapshots:
  ? |
    conn1 = pymssql.connect(
    server='SQL01',
    user='user',
    password='',
    database='mydatabase',
    )
  : labels:
    - source: |-
        pymssql.connect(
        server='SQL01',
        user='user',
        password='',
        database='mydatabase',
        )
      style: primary
      start: 8
      end: 91
    - source: pymssql
      style: secondary
      start: 8
      end: 15
    - source: connect
      style: secondary
      start: 16
      end: 23
    - source: pymssql.connect
      style: secondary
      start: 8
      end: 23
    - source: server='SQL01'
      style: secondary
      start: 25
      end: 39
    - source: server='SQL01'
      style: secondary
      start: 25
      end: 39
    - source: password
      style: secondary
      start: 54
      end: 62
    - source: ''''
      style: secondary
      start: 63
      end: 64
    - source: ''''
      style: secondary
      start: 64
      end: 65
    - source: ''''''
      style: secondary
      start: 63
      end: 65
    - source: password=''
      style: secondary
      start: 54
      end: 65
    - source: server='SQL01'
      style: secondary
      start: 25
      end: 39
    - source: |-
        (
        server='SQL01',
        user='user',
        password='',
        database='mydatabase',
        )
      style: secondary
      start: 23
      end: 91
    - source: |-
        conn1 = pymssql.connect(
        server='SQL01',
        user='user',
        password='',
        database='mydatabase',
        )
      style: secondary
      start: 0
      end: 91
  ? |
    import os
    import pymssql
    from pymssql import _mssql
    conn2 = _mssql.connect(
    server='SQL01',
    user='user',
    password='',
    database='mydatabase'
    )
  : labels:
    - source: |-
        _mssql.connect(
        server='SQL01',
        user='user',
        password='',
        database='mydatabase'
        )
      style: primary
      start: 60
      end: 141
    - source: _mssql
      style: secondary
      start: 60
      end: 66
    - source: connect
      style: secondary
      start: 67
      end: 74
    - source: _mssql.connect
      style: secondary
      start: 60
      end: 74
    - source: server='SQL01'
      style: secondary
      start: 76
      end: 90
    - source: server='SQL01'
      style: secondary
      start: 76
      end: 90
    - source: password
      style: secondary
      start: 105
      end: 113
    - source: ''''
      style: secondary
      start: 114
      end: 115
    - source: ''''
      style: secondary
      start: 115
      end: 116
    - source: ''''''
      style: secondary
      start: 114
      end: 116
    - source: password=''
      style: secondary
      start: 105
      end: 116
    - source: server='SQL01'
      style: secondary
      start: 76
      end: 90
    - source: |-
        (
        server='SQL01',
        user='user',
        password='',
        database='mydatabase'
        )
      style: secondary
      start: 74
      end: 141
    - source: pymssql
      style: secondary
      start: 30
      end: 37
    - source: pymssql
      style: secondary
      start: 30
      end: 37
    - source: _mssql
      style: secondary
      start: 45
      end: 51
    - source: _mssql
      style: secondary
      start: 45
      end: 51
    - source: from pymssql import _mssql
      style: secondary
      start: 25
      end: 51
    - source: |-
        conn2 = _mssql.connect(
        server='SQL01',
        user='user',
        password='',
        database='mydatabase'
        )
      style: secondary
      start: 52
      end: 141
  ? "import os\nimport pymssql\nfrom pymssql import _mssql\npswd = \"\"\npswd2 = get_from_config()  \nconn3 = pymssql.connect(\nserver='SQL01',\nuser='user',\npassword=pswd,\ndatabase='mydatabase',\n)\n"
  : labels:
    - source: |-
        pymssql.connect(
        server='SQL01',
        user='user',
        password=pswd,
        database='mydatabase',
        )
      style: primary
      start: 98
      end: 183
    - source: pymssql
      style: secondary
      start: 98
      end: 105
    - source: connect
      style: secondary
      start: 106
      end: 113
    - source: pymssql.connect
      style: secondary
      start: 98
      end: 113
    - source: server='SQL01'
      style: secondary
      start: 115
      end: 129
    - source: server='SQL01'
      style: secondary
      start: 115
      end: 129
    - source: password
      style: secondary
      start: 144
      end: 152
    - source: pswd
      style: secondary
      start: 153
      end: 157
    - source: password=pswd
      style: secondary
      start: 144
      end: 157
    - source: server='SQL01'
      style: secondary
      start: 115
      end: 129
    - source: |-
        (
        server='SQL01',
        user='user',
        password=pswd,
        database='mydatabase',
        )
      style: secondary
      start: 113
      end: 183
    - source: pswd
      style: secondary
      start: 52
      end: 56
    - source: pswd = ""
      style: secondary
      start: 52
      end: 61
    - source: '"'
      style: secondary
      start: 59
      end: 60
    - source: '"'
      style: secondary
      start: 60
      end: 61
    - source: '""'
      style: secondary
      start: 59
      end: 61
    - source: pswd = ""
      style: secondary
      start: 52
      end: 61
    - source: |-
        conn3 = pymssql.connect(
        server='SQL01',
        user='user',
        password=pswd,
        database='mydatabase',
        )
      style: secondary
      start: 90
      end: 183
