id: ruby-mongo-empty-password-ruby
snapshots:
  ? |
    pw = ''
    client2 = Mongo::Client.new(
    [ '127.0.0.1:27017' ],
    user: 'user2',
    password: pw,
    database: 'testdb2'
    )
  : labels:
    - source: |-
        client2 = Mongo::Client.new(
        [ '127.0.0.1:27017' ],
        user: 'user2',
        password: pw,
        database: 'testdb2'
        )
      style: primary
      start: 8
      end: 110
    - source: Mongo::Client
      style: secondary
      start: 18
      end: 31
    - source: .
      style: secondary
      start: 31
      end: 32
    - source: new
      style: secondary
      start: 32
      end: 35
    - source: password
      style: secondary
      start: 75
      end: 83
    - source: pw
      style: secondary
      start: 85
      end: 87
    - source: 'password: pw'
      style: secondary
      start: 75
      end: 87
    - source: |-
        (
        [ '127.0.0.1:27017' ],
        user: 'user2',
        password: pw,
        database: 'testdb2'
        )
      style: secondary
      start: 35
      end: 110
    - source: |-
        Mongo::Client.new(
        [ '127.0.0.1:27017' ],
        user: 'user2',
        password: pw,
        database: 'testdb2'
        )
      style: secondary
      start: 18
      end: 110
    - source: pw = ''
      style: secondary
      start: 0
      end: 7
  ? |
    require 'mongo'
    module TestMongo
    client1 = Mongo::Client.new(
    [ '127.0.0.1:27017' ],
    user: 'user1',
    password: '',
    database: 'testdb1'
    )
  : labels:
    - source: |-
        client1 = Mongo::Client.new(
        [ '127.0.0.1:27017' ],
        user: 'user1',
        password: '',
        database: 'testdb1'
        )
      style: primary
      start: 33
      end: 135
    - source: Mongo::Client
      style: secondary
      start: 43
      end: 56
    - source: .
      style: secondary
      start: 56
      end: 57
    - source: new
      style: secondary
      start: 57
      end: 60
    - source: password
      style: secondary
      start: 100
      end: 108
    - source: ''''''
      style: secondary
      start: 110
      end: 112
    - source: 'password: '''''
      style: secondary
      start: 100
      end: 112
    - source: |-
        (
        [ '127.0.0.1:27017' ],
        user: 'user1',
        password: '',
        database: 'testdb1'
        )
      style: secondary
      start: 60
      end: 135
    - source: |-
        Mongo::Client.new(
        [ '127.0.0.1:27017' ],
        user: 'user1',
        password: '',
        database: 'testdb1'
        )
      style: secondary
      start: 43
      end: 135
