id: ruby-redis-empty-secret-ruby
snapshots:
  ? |
    require "redis"
    pass = ''
    redis1 = Redis.new(username: 'myname', password: pass)
  : labels:
    - source: 'Redis.new(username: ''myname'', password: pass)'
      style: primary
      start: 35
      end: 80
    - source: Redis
      style: secondary
      start: 35
      end: 40
    - source: .
      style: secondary
      start: 40
      end: 41
    - source: new
      style: secondary
      start: 41
      end: 44
    - source: password
      style: secondary
      start: 65
      end: 73
    - source: pass
      style: secondary
      start: 75
      end: 79
    - source: 'password: pass'
      style: secondary
      start: 65
      end: 79
    - source: '(username: ''myname'', password: pass)'
      style: secondary
      start: 44
      end: 80
    - source: pass = ''
      style: secondary
      start: 16
      end: 25
    - source: 'redis1 = Redis.new(username: ''myname'', password: pass)'
      style: secondary
      start: 26
      end: 80
    - source: require "redis"
      style: secondary
      start: 0
      end: 15
    - source: |
        require "redis"
        pass = ''
        redis1 = Redis.new(username: 'myname', password: pass)
      style: secondary
      start: 0
      end: 81
  ? |
    require "redis"
    redis = Redis.new(password: "")
  : labels:
    - source: 'Redis.new(password: "")'
      style: primary
      start: 24
      end: 47
    - source: Redis
      style: secondary
      start: 24
      end: 29
    - source: .
      style: secondary
      start: 29
      end: 30
    - source: new
      style: secondary
      start: 30
      end: 33
    - source: password
      style: secondary
      start: 34
      end: 42
    - source: '""'
      style: secondary
      start: 44
      end: 46
    - source: 'password: ""'
      style: secondary
      start: 34
      end: 46
    - source: '(password: "")'
      style: secondary
      start: 33
      end: 47
    - source: require "redis"
      style: secondary
      start: 0
      end: 15
    - source: |
        require "redis"
        redis = Redis.new(password: "")
      style: secondary
      start: 0
      end: 48
  ? |
    require "redis"
    redis1 = Redis.new(username: 'myname', password: '')
  : labels:
    - source: 'Redis.new(username: ''myname'', password: '''')'
      style: primary
      start: 25
      end: 68
    - source: Redis
      style: secondary
      start: 25
      end: 30
    - source: .
      style: secondary
      start: 30
      end: 31
    - source: new
      style: secondary
      start: 31
      end: 34
    - source: password
      style: secondary
      start: 55
      end: 63
    - source: ''''''
      style: secondary
      start: 65
      end: 67
    - source: 'password: '''''
      style: secondary
      start: 55
      end: 67
    - source: '(username: ''myname'', password: '''')'
      style: secondary
      start: 34
      end: 68
    - source: require "redis"
      style: secondary
      start: 0
      end: 15
    - source: |
        require "redis"
        redis1 = Redis.new(username: 'myname', password: '')
      style: secondary
      start: 0
      end: 69
