id: ruby-mongo-hardcoded-secret-ruby
snapshots:
  ? |
    Mongo::Client.new(
    ['127.0.0.1:27017'],
    password: '123456'
    )
  : labels:
    - source: |-
        Mongo::Client.new(
        ['127.0.0.1:27017'],
        password: '123456'
        )
      style: primary
      start: 0
      end: 60
    - source: Mongo::Client
      style: secondary
      start: 0
      end: 13
    - source: new
      style: secondary
      start: 14
      end: 17
    - source: '[''127.0.0.1:27017'']'
      style: secondary
      start: 19
      end: 38
    - source: 'password: ''123456'''
      style: secondary
      start: 40
      end: 58
    - source: password
      style: secondary
      start: 40
      end: 48
    - source: '''123456'''
      style: secondary
      start: 50
      end: 58
    - source: 'password: ''123456'''
      style: secondary
      start: 40
      end: 58
    - source: 'password: ''123456'''
      style: secondary
      start: 40
      end: 58
    - source: |-
        (
        ['127.0.0.1:27017'],
        password: '123456'
        )
      style: secondary
      start: 17
      end: 60
  ? |
    client_hardcoded = Mongo::Client.new(
    ['127.0.0.1:27017'],
    user: 'admin',
    password: 'hardcoded-password',
    database: 'production'
    )
  : labels:
    - source: |-
        Mongo::Client.new(
        ['127.0.0.1:27017'],
        user: 'admin',
        password: 'hardcoded-password',
        database: 'production'
        )
      style: primary
      start: 19
      end: 130
    - source: Mongo::Client
      style: secondary
      start: 19
      end: 32
    - source: new
      style: secondary
      start: 33
      end: 36
    - source: '[''127.0.0.1:27017'']'
      style: secondary
      start: 38
      end: 57
    - source: 'user: ''admin'''
      style: secondary
      start: 59
      end: 72
    - source: password
      style: secondary
      start: 74
      end: 82
    - source: '''hardcoded-password'''
      style: secondary
      start: 84
      end: 104
    - source: 'password: ''hardcoded-password'''
      style: secondary
      start: 74
      end: 104
    - source: 'user: ''admin'''
      style: secondary
      start: 59
      end: 72
    - source: |-
        (
        ['127.0.0.1:27017'],
        user: 'admin',
        password: 'hardcoded-password',
        database: 'production'
        )
      style: secondary
      start: 36
      end: 130
