id: sqlconnectionstringbuilder-hardcoded-secret-csharp
snapshots:
  ? |
    private SqlConnectionStringBuilder GetConnection(args)
    {
    SqlConnectionStringBuilder builder = new SqlConnectionStringBuilder();
    builder.Password = "reee!";
    }
  : labels:
    - source: builder.Password = "reee!"
      style: primary
      start: 128
      end: 154
    - source: builder
      style: secondary
      start: 128
      end: 135
    - source: Password
      style: secondary
      start: 136
      end: 144
    - source: builder.Password
      style: secondary
      start: 128
      end: 144
    - source: reee!
      style: secondary
      start: 148
      end: 153
    - source: '"reee!"'
      style: secondary
      start: 147
      end: 154
    - source: SqlConnectionStringBuilder
      style: secondary
      start: 57
      end: 83
    - source: SqlConnectionStringBuilder builder = new SqlConnectionStringBuilder()
      style: secondary
      start: 57
      end: 126
    - source: builder
      style: secondary
      start: 84
      end: 91
    - source: builder = new SqlConnectionStringBuilder()
      style: secondary
      start: 84
      end: 126
    - source: SqlConnectionStringBuilder
      style: secondary
      start: 98
      end: 124
    - source: ()
      style: secondary
      start: 124
      end: 126
    - source: new SqlConnectionStringBuilder()
      style: secondary
      start: 94
      end: 126
    - source: SqlConnectionStringBuilder builder = new SqlConnectionStringBuilder();
      style: secondary
      start: 57
      end: 127
    - source: builder.Password = "reee!";
      style: secondary
      start: 128
      end: 155
  ? |
    private SqlConnectionStringBuilder GetConnection(args)
    {
    SqlConnectionStringBuilder builder = new SqlConnectionStringBuilder();
    builder["Password"] = "reee!";
    }
  : labels:
    - source: builder["Password"] = "reee!"
      style: primary
      start: 128
      end: 157
    - source: builder
      style: secondary
      start: 128
      end: 135
    - source: '["Password"]'
      style: secondary
      start: 135
      end: 147
    - source: '"Password"'
      style: secondary
      start: 136
      end: 146
    - source: Password
      style: secondary
      start: 137
      end: 145
    - source: '"Password"'
      style: secondary
      start: 136
      end: 146
    - source: builder["Password"]
      style: secondary
      start: 128
      end: 147
    - source: Password
      style: secondary
      start: 137
      end: 145
    - source: '"Password"'
      style: secondary
      start: 136
      end: 146
    - source: SqlConnectionStringBuilder
      style: secondary
      start: 57
      end: 83
    - source: SqlConnectionStringBuilder builder = new SqlConnectionStringBuilder()
      style: secondary
      start: 57
      end: 126
    - source: builder
      style: secondary
      start: 84
      end: 91
    - source: builder = new SqlConnectionStringBuilder()
      style: secondary
      start: 84
      end: 126
    - source: SqlConnectionStringBuilder
      style: secondary
      start: 98
      end: 124
    - source: ()
      style: secondary
      start: 124
      end: 126
    - source: new SqlConnectionStringBuilder()
      style: secondary
      start: 94
      end: 126
    - source: SqlConnectionStringBuilder builder = new SqlConnectionStringBuilder();
      style: secondary
      start: 57
      end: 127
    - source: builder["Password"] = "reee!";
      style: secondary
      start: 128
      end: 158
  ? |
    private SqlConnectionStringBuilder GetConnection(args)
    {
    string password = "aaaa";
    var cb = new SqlConnectionStringBuilder();
    cb["Password"] = password;
    }
  : labels:
    - source: cb["Password"] = password
      style: primary
      start: 126
      end: 151
    - source: cb
      style: secondary
      start: 126
      end: 128
    - source: '["Password"]'
      style: secondary
      start: 128
      end: 140
    - source: '"Password"'
      style: secondary
      start: 129
      end: 139
    - source: Password
      style: secondary
      start: 130
      end: 138
    - source: '"Password"'
      style: secondary
      start: 129
      end: 139
    - source: cb["Password"]
      style: secondary
      start: 126
      end: 140
    - source: password
      style: secondary
      start: 143
      end: 151
    - source: var
      style: secondary
      start: 83
      end: 86
    - source: var cb = new SqlConnectionStringBuilder()
      style: secondary
      start: 83
      end: 124
    - source: cb
      style: secondary
      start: 87
      end: 89
    - source: cb = new SqlConnectionStringBuilder()
      style: secondary
      start: 87
      end: 124
    - source: SqlConnectionStringBuilder
      style: secondary
      start: 96
      end: 122
    - source: ()
      style: secondary
      start: 122
      end: 124
    - source: new SqlConnectionStringBuilder()
      style: secondary
      start: 92
      end: 124
    - source: string
      style: secondary
      start: 57
      end: 63
    - source: string password = "aaaa"
      style: secondary
      start: 57
      end: 81
    - source: password
      style: secondary
      start: 64
      end: 72
    - source: password = "aaaa"
      style: secondary
      start: 64
      end: 81
    - source: aaaa
      style: secondary
      start: 76
      end: 80
    - source: '"aaaa"'
      style: secondary
      start: 75
      end: 81
    - source: string password = "aaaa";
      style: secondary
      start: 57
      end: 82
    - source: var cb = new SqlConnectionStringBuilder();
      style: secondary
      start: 83
      end: 125
    - source: cb["Password"] = password;
      style: secondary
      start: 126
      end: 152
  ? |
    private SqlConnectionStringBuilder GetConnection(args)
    {
    var cb = new SqlConnectionStringBuilder();
    cb.Password = "reee!";
    }
  : labels:
    - source: cb.Password = "reee!"
      style: primary
      start: 100
      end: 121
    - source: cb
      style: secondary
      start: 100
      end: 102
    - source: Password
      style: secondary
      start: 103
      end: 111
    - source: cb.Password
      style: secondary
      start: 100
      end: 111
    - source: reee!
      style: secondary
      start: 115
      end: 120
    - source: '"reee!"'
      style: secondary
      start: 114
      end: 121
    - source: var
      style: secondary
      start: 57
      end: 60
    - source: var cb = new SqlConnectionStringBuilder()
      style: secondary
      start: 57
      end: 98
    - source: cb
      style: secondary
      start: 61
      end: 63
    - source: cb = new SqlConnectionStringBuilder()
      style: secondary
      start: 61
      end: 98
    - source: SqlConnectionStringBuilder
      style: secondary
      start: 70
      end: 96
    - source: ()
      style: secondary
      start: 96
      end: 98
    - source: new SqlConnectionStringBuilder()
      style: secondary
      start: 66
      end: 98
    - source: var cb = new SqlConnectionStringBuilder();
      style: secondary
      start: 57
      end: 99
    - source: cb.Password = "reee!";
      style: secondary
      start: 100
      end: 122
