id: stacktrace-disclosure-csharp
snapshots:
  ? "if (!env.IsDevelopment())  \n    {\n        app.UseDeveloperExceptionPage();  \n    }\n"
  : labels:
    - source: app.UseDeveloperExceptionPage();
      style: primary
      start: 42
      end: 74
    - source: "{\n        app.UseDeveloperExceptionPage();  \n    }"
      style: secondary
      start: 32
      end: 82
  ? "if (DateTime.Now.DayOfWeek == DayOfWeek.Monday) \n    {\n        app.UseDeveloperExceptionPage(); \n    }\n"
  : labels:
    - source: app.UseDeveloperExceptionPage();
      style: primary
      start: 63
      end: 95
    - source: "{\n        app.UseDeveloperExceptionPage(); \n    }"
      style: secondary
      start: 53
      end: 102
  ? "if (DateTime.Now.DayOfWeek == DayOfWeek.Monday)  \n    {\n        app.UseDeveloperExceptionPage();\n    }\n"
  : labels:
    - source: app.UseDeveloperExceptionPage();
      style: primary
      start: 64
      end: 96
    - source: |-
        {
                app.UseDeveloperExceptionPage();
            }
      style: secondary
      start: 54
      end: 102
  ? "if (env.IsProduction())  \n    {\n        app.UseDeveloperExceptionPage(); \n    }\n"
  : labels:
    - source: app.UseDeveloperExceptionPage();
      style: primary
      start: 40
      end: 72
    - source: "{\n        app.UseDeveloperExceptionPage(); \n    }"
      style: secondary
      start: 30
      end: 79
  ? "if (environment == \"dev\")  \n    {\n        app.UseDeveloperExceptionPage();  \n    }\n"
  : labels:
    - source: app.UseDeveloperExceptionPage();
      style: primary
      start: 42
      end: 74
    - source: "{\n        app.UseDeveloperExceptionPage();  \n    }"
      style: secondary
      start: 32
      end: 82
  ? |
    public void Configure(IApplicationBuilder app, IWebHostEnvironment env)
    {
    app.UseDeveloperExceptionPage();
    }
  : labels:
    - source: app.UseDeveloperExceptionPage();
      style: primary
      start: 74
      end: 106
    - source: |-
        {
        app.UseDeveloperExceptionPage();
        }
      style: secondary
      start: 72
      end: 108
