id: system-setproperty-hardcoded-secret-java
snapshots:
  ? |
    System.setProperty("javax.net.ssl.keyStorePassword", "password");
  : labels:
    - source: '"password"'
      style: primary
      start: 53
      end: 63
    - source: System
      style: secondary
      start: 0
      end: 6
    - source: setProperty
      style: secondary
      start: 7
      end: 18
    - source: System.setProperty("javax.net.ssl.keyStorePassword", "password");
      style: secondary
      start: 0
      end: 65
    - source: System.setProperty("javax.net.ssl.keyStorePassword", "password")
      style: secondary
      start: 0
      end: 64
    - source: ("javax.net.ssl.keyStorePassword", "password")
      style: secondary
      start: 18
      end: 64
  ? |
    System.setProperty("javax.net.ssl.trustStorePassword", "password");
  : labels:
    - source: '"password"'
      style: primary
      start: 55
      end: 65
    - source: System
      style: secondary
      start: 0
      end: 6
    - source: setProperty
      style: secondary
      start: 7
      end: 18
    - source: System.setProperty("javax.net.ssl.trustStorePassword", "password");
      style: secondary
      start: 0
      end: 67
    - source: System.setProperty("javax.net.ssl.trustStorePassword", "password")
      style: secondary
      start: 0
      end: 66
    - source: ("javax.net.ssl.trustStorePassword", "password")
      style: secondary
      start: 18
      end: 66
